Archive member included to satisfy reference by file (symbol)

e:/stm32cubeide_1.11.0/stm32cubeide/plugins/com.st.stm32cube.ide.mcu.externaltools.gnu-tools-for-stm32.10.3-2021.10.win32_1.0.100.202210260954/tools/bin/../lib/gcc/arm-none-eabi/10.3.1/../../../../arm-none-eabi/lib/thumb/v7-m/nofp\libc_nano.a(lib_a-errno.o)
                              ./Core/Src/syscalls.o (__errno)
e:/stm32cubeide_1.11.0/stm32cubeide/plugins/com.st.stm32cube.ide.mcu.externaltools.gnu-tools-for-stm32.10.3-2021.10.win32_1.0.100.202210260954/tools/bin/../lib/gcc/arm-none-eabi/10.3.1/../../../../arm-none-eabi/lib/thumb/v7-m/nofp\libc_nano.a(lib_a-exit.o)
                              e:/stm32cubeide_1.11.0/stm32cubeide/plugins/com.st.stm32cube.ide.mcu.externaltools.gnu-tools-for-stm32.10.3-2021.10.win32_1.0.100.202210260954/tools/bin/../lib/gcc/arm-none-eabi/10.3.1/../../../../arm-none-eabi/lib/thumb/v7-m/nofp/crt0.o (exit)
e:/stm32cubeide_1.11.0/stm32cubeide/plugins/com.st.stm32cube.ide.mcu.externaltools.gnu-tools-for-stm32.10.3-2021.10.win32_1.0.100.202210260954/tools/bin/../lib/gcc/arm-none-eabi/10.3.1/../../../../arm-none-eabi/lib/thumb/v7-m/nofp\libc_nano.a(lib_a-impure.o)
                              e:/stm32cubeide_1.11.0/stm32cubeide/plugins/com.st.stm32cube.ide.mcu.externaltools.gnu-tools-for-stm32.10.3-2021.10.win32_1.0.100.202210260954/tools/bin/../lib/gcc/arm-none-eabi/10.3.1/../../../../arm-none-eabi/lib/thumb/v7-m/nofp\libc_nano.a(lib_a-exit.o) (_global_impure_ptr)
e:/stm32cubeide_1.11.0/stm32cubeide/plugins/com.st.stm32cube.ide.mcu.externaltools.gnu-tools-for-stm32.10.3-2021.10.win32_1.0.100.202210260954/tools/bin/../lib/gcc/arm-none-eabi/10.3.1/../../../../arm-none-eabi/lib/thumb/v7-m/nofp\libc_nano.a(lib_a-init.o)
                              e:/stm32cubeide_1.11.0/stm32cubeide/plugins/com.st.stm32cube.ide.mcu.externaltools.gnu-tools-for-stm32.10.3-2021.10.win32_1.0.100.202210260954/tools/bin/../lib/gcc/arm-none-eabi/10.3.1/../../../../arm-none-eabi/lib/thumb/v7-m/nofp/crt0.o (__libc_init_array)
e:/stm32cubeide_1.11.0/stm32cubeide/plugins/com.st.stm32cube.ide.mcu.externaltools.gnu-tools-for-stm32.10.3-2021.10.win32_1.0.100.202210260954/tools/bin/../lib/gcc/arm-none-eabi/10.3.1/../../../../arm-none-eabi/lib/thumb/v7-m/nofp\libc_nano.a(lib_a-memset.o)
                              e:/stm32cubeide_1.11.0/stm32cubeide/plugins/com.st.stm32cube.ide.mcu.externaltools.gnu-tools-for-stm32.10.3-2021.10.win32_1.0.100.202210260954/tools/bin/../lib/gcc/arm-none-eabi/10.3.1/../../../../arm-none-eabi/lib/thumb/v7-m/nofp/crt0.o (memset)
e:/stm32cubeide_1.11.0/stm32cubeide/plugins/com.st.stm32cube.ide.mcu.externaltools.gnu-tools-for-stm32.10.3-2021.10.win32_1.0.100.202210260954/tools/bin/../lib/gcc/arm-none-eabi/10.3.1/../../../../arm-none-eabi/lib/thumb/v7-m/nofp\libc_nano.a(lib_a-sprintf.o)
                              ./Core/Src/main.o (sprintf)
e:/stm32cubeide_1.11.0/stm32cubeide/plugins/com.st.stm32cube.ide.mcu.externaltools.gnu-tools-for-stm32.10.3-2021.10.win32_1.0.100.202210260954/tools/bin/../lib/gcc/arm-none-eabi/10.3.1/../../../../arm-none-eabi/lib/thumb/v7-m/nofp\libc_nano.a(lib_a-strlen.o)
                              ./Core/Src/w5500_interface.o (strlen)
e:/stm32cubeide_1.11.0/stm32cubeide/plugins/com.st.stm32cube.ide.mcu.externaltools.gnu-tools-for-stm32.10.3-2021.10.win32_1.0.100.202210260954/tools/bin/../lib/gcc/arm-none-eabi/10.3.1/../../../../arm-none-eabi/lib/thumb/v7-m/nofp\libc_nano.a(lib_a-nano-svfprintf.o)
                              e:/stm32cubeide_1.11.0/stm32cubeide/plugins/com.st.stm32cube.ide.mcu.externaltools.gnu-tools-for-stm32.10.3-2021.10.win32_1.0.100.202210260954/tools/bin/../lib/gcc/arm-none-eabi/10.3.1/../../../../arm-none-eabi/lib/thumb/v7-m/nofp\libc_nano.a(lib_a-sprintf.o) (_svfprintf_r)
e:/stm32cubeide_1.11.0/stm32cubeide/plugins/com.st.stm32cube.ide.mcu.externaltools.gnu-tools-for-stm32.10.3-2021.10.win32_1.0.100.202210260954/tools/bin/../lib/gcc/arm-none-eabi/10.3.1/../../../../arm-none-eabi/lib/thumb/v7-m/nofp\libc_nano.a(lib_a-nano-vfprintf_i.o)
                              e:/stm32cubeide_1.11.0/stm32cubeide/plugins/com.st.stm32cube.ide.mcu.externaltools.gnu-tools-for-stm32.10.3-2021.10.win32_1.0.100.202210260954/tools/bin/../lib/gcc/arm-none-eabi/10.3.1/../../../../arm-none-eabi/lib/thumb/v7-m/nofp\libc_nano.a(lib_a-nano-svfprintf.o) (_printf_i)
e:/stm32cubeide_1.11.0/stm32cubeide/plugins/com.st.stm32cube.ide.mcu.externaltools.gnu-tools-for-stm32.10.3-2021.10.win32_1.0.100.202210260954/tools/bin/../lib/gcc/arm-none-eabi/10.3.1/../../../../arm-none-eabi/lib/thumb/v7-m/nofp\libc_nano.a(lib_a-memchr-stub.o)
                              e:/stm32cubeide_1.11.0/stm32cubeide/plugins/com.st.stm32cube.ide.mcu.externaltools.gnu-tools-for-stm32.10.3-2021.10.win32_1.0.100.202210260954/tools/bin/../lib/gcc/arm-none-eabi/10.3.1/../../../../arm-none-eabi/lib/thumb/v7-m/nofp\libc_nano.a(lib_a-nano-svfprintf.o) (memchr)
[...]
Memory Configuration

Name             Origin             Length             Attributes
RAM              0x0000000020000000 0x0000000000005000 xrw
FLASH            0x0000000008000000 0x0000000000010000 xr
*default*        0x0000000000000000 0xffffffffffffffff

Linker script and memory map

LOAD e:/stm32cubeide_1.11.0/stm32cubeide/plugins/com.st.stm32cube.ide.mcu.externaltools.gnu-tools-for-stm32.10.3-2021.10.win32_1.0.100.202210260954/tools/bin/../lib/gcc/arm-none-eabi/10.3.1/thumb/v7-m/nofp/crti.o
LOAD e:/stm32cubeide_1.11.0/stm32cubeide/plugins/com.st.stm32cube.ide.mcu.externaltools.gnu-tools-for-stm32.10.3-2021.10.win32_1.0.100.202210260954/tools/bin/../lib/gcc/arm-none-eabi/10.3.1/thumb/v7-m/nofp/crtbegin.o
LOAD e:/stm32cubeide_1.11.0/stm32cubeide/plugins/com.st.stm32cube.ide.mcu.externaltools.gnu-tools-for-stm32.10.3-2021.10.win32_1.0.100.202210260954/tools/bin/../lib/gcc/arm-none-eabi/10.3.1/../../../../arm-none-eabi/lib/thumb/v7-m/nofp/crt0.o
LOAD ./Core/Src/MPU6050.o
LOAD ./Core/Src/main.o
LOAD ./Core/Src/socket.o
LOAD ./Core/Src/stm32f1xx_hal_msp.o
LOAD ./Core/Src/stm32f1xx_it.o
LOAD ./Core/Src/syscalls.o
LOAD ./Core/Src/sysmem.o
LOAD ./Core/Src/system_stm32f1xx.o
LOAD ./Core/Src/w5500.o
LOAD ./Core/Src/w5500_interface.o
LOAD ./Core/Src/wizchip_conf.o
LOAD ./Core/Startup/startup_stm32f103c8tx.o
LOAD ./Drivers/STM32F1xx_HAL_Driver/Src/stm32f1xx_hal.o
LOAD ./Drivers/STM32F1xx_HAL_Driver/Src/stm32f1xx_hal_cortex.o
LOAD ./Drivers/STM32F1xx_HAL_Driver/Src/stm32f1xx_hal_dma.o
LOAD ./Drivers/STM32F1xx_HAL_Driver/Src/stm32f1xx_hal_exti.o
LOAD ./Drivers/STM32F1xx_HAL_Driver/Src/stm32f1xx_hal_flash.o
LOAD ./Drivers/STM32F1xx_HAL_Driver/Src/stm32f1xx_hal_flash_ex.o
LOAD ./Drivers/STM32F1xx_HAL_Driver/Src/stm32f1xx_hal_gpio.o
LOAD ./Drivers/STM32F1xx_HAL_Driver/Src/stm32f1xx_hal_gpio_ex.o
LOAD ./Drivers/STM32F1xx_HAL_Driver/Src/stm32f1xx_hal_i2c.o
LOAD ./Drivers/STM32F1xx_HAL_Driver/Src/stm32f1xx_hal_pwr.o
LOAD ./Drivers/STM32F1xx_HAL_Driver/Src/stm32f1xx_hal_rcc.o
LOAD ./Drivers/STM32F1xx_HAL_Driver/Src/stm32f1xx_hal_rcc_ex.o
LOAD ./Drivers/STM32F1xx_HAL_Driver/Src/stm32f1xx_hal_spi.o
START GROUP
LOAD e:/stm32cubeide_1.11.0/stm32cubeide/plugins/com.st.stm32cube.ide.mcu.externaltools.gnu-tools-for-stm32.10.3-2021.10.win32_1.0.100.202210260954/tools/bin/../lib/gcc/arm-none-eabi/10.3.1/../../../../arm-none-eabi/lib/thumb/v7-m/nofp\libc_nano.a
LOAD e:/stm32cubeide_1.11.0/stm32cubeide/plugins/com.st.stm32cube.ide.mcu.externaltools.gnu-tools-for-stm32.10.3-2021.10.win32_1.0.100.202210260954/tools/bin/../lib/gcc/arm-none-eabi/10.3.1/../../../../arm-none-eabi/lib/thumb/v7-m/nofp\libm.a
END GROUP
START GROUP
LOAD e:/stm32cubeide_1.11.0/stm32cubeide/plugins/com.st.stm32cube.ide.mcu.externaltools.gnu-tools-for-stm32.10.3-2021.10.win32_1.0.100.202210260954/tools/bin/../lib/gcc/arm-none-eabi/10.3.1/thumb/v7-m/nofp\libgcc.a
LOAD e:/stm32cubeide_1.11.0/stm32cubeide/plugins/com.st.stm32cube.ide.mcu.externaltools.gnu-tools-for-stm32.10.3-2021.10.win32_1.0.100.202210260954/tools/bin/../lib/gcc/arm-none-eabi/10.3.1/../../../../arm-none-eabi/lib/thumb/v7-m/nofp\libc_nano.a
END GROUP
START GROUP
LOAD e:/stm32cubeide_1.11.0/stm32cubeide/plugins/com.st.stm32cube.ide.mcu.externaltools.gnu-tools-for-stm32.10.3-2021.10.win32_1.0.100.202210260954/tools/bin/../lib/gcc/arm-none-eabi/10.3.1/thumb/v7-m/nofp\libgcc.a
LOAD e:/stm32cubeide_1.11.0/stm32cubeide/plugins/com.st.stm32cube.ide.mcu.externaltools.gnu-tools-for-stm32.10.3-2021.10.win32_1.0.100.202210260954/tools/bin/../lib/gcc/arm-none-eabi/10.3.1/../../../../arm-none-eabi/lib/thumb/v7-m/nofp\libc_nano.a
LOAD e:/stm32cubeide_1.11.0/stm32cubeide/plugins/com.st.stm32cube.ide.mcu.externaltools.gnu-tools-for-stm32.10.3-2021.10.win32_1.0.100.202210260954/tools/bin/../lib/gcc/arm-none-eabi/10.3.1/../../../../arm-none-eabi/lib/thumb/v7-m/nofp\libnosys.a
END GROUP
START GROUP
LOAD e:/stm32cubeide_1.11.0/stm32cubeide/plugins/com.st.stm32cube.ide.mcu.externaltools.gnu-tools-for-stm32.10.3-2021.10.win32_1.0.100.202210260954/tools/bin/../lib/gcc/arm-none-eabi/10.3.1/thumb/v7-m/nofp\libgcc.a
LOAD e:/stm32cubeide_1.11.0/stm32cubeide/plugins/com.st.stm32cube.ide.mcu.externaltools.gnu-tools-for-stm32.10.3-2021.10.win32_1.0.100.202210260954/tools/bin/../lib/gcc/arm-none-eabi/10.3.1/../../../../arm-none-eabi/lib/thumb/v7-m/nofp\libc_nano.a
LOAD e:/stm32cubeide_1.11.0/stm32cubeide/plugins/com.st.stm32cube.ide.mcu.externaltools.gnu-tools-for-stm32.10.3-2021.10.win32_1.0.100.202210260954/tools/bin/../lib/gcc/arm-none-eabi/10.3.1/../../../../arm-none-eabi/lib/thumb/v7-m/nofp\libnosys.a
END GROUP
LOAD e:/stm32cubeide_1.11.0/stm32cubeide/plugins/com.st.stm32cube.ide.mcu.externaltools.gnu-tools-for-stm32.10.3-2021.10.win32_1.0.100.202210260954/tools/bin/../lib/gcc/arm-none-eabi/10.3.1/thumb/v7-m/nofp/crtend.o
LOAD e:/stm32cubeide_1.11.0/stm32cubeide/plugins/com.st.stm32cube.ide.mcu.externaltools.gnu-tools-for-stm32.10.3-2021.10.win32_1.0.100.202210260954/tools/bin/../lib/gcc/arm-none-eabi/10.3.1/thumb/v7-m/nofp/crtn.o
                0x0000000020005000                _estack = (ORIGIN (RAM) + LENGTH (RAM))
                0x0000000000000200                _Min_Heap_Size = 0x200
                0x0000000000000400                _Min_Stack_Size = 0x400

.isr_vector     0x0000000008000000      0x10c
                0x0000000008000000                . = ALIGN (0x4)
 *(.isr_vector)
 .isr_vector    0x0000000008000000      0x10c ./Core/Startup/startup_stm32f103c8tx.o
                0x0000000008000000                g_pfnVectors
                0x000000000800010c                . = ALIGN (0x4)

.text           0x0000000008000110     0x5bec
                0x0000000008000110                . = ALIGN (0x4)
 *(.text)
 .text          0x0000000008000110       0x40 e:/stm32cubeide_1.11.0/stm32cubeide/plugins/com.st.stm32cube.ide.mcu.externaltools.gnu-tools-for-stm32.10.3-2021.10.win32_1.0.100.202210260954/tools/bin/../lib/gcc/arm-none-eabi/10.3.1/thumb/v7-m/nofp/crtbegin.o
 .text          0x0000000008000150       0x10 e:/stm32cubeide_1.11.0/stm32cubeide/plugins/com.st.stm32cube.ide.mcu.externaltools.gnu-tools-for-stm32.10.3-2021.10.win32_1.0.100.202210260954/tools/bin/../lib/gcc/arm-none-eabi/10.3.1/../../../../arm-none-eabi/lib/thumb/v7-m/nofp\libc_nano.a(lib_a-strlen.o)
                0x0000000008000150                strlen
 .text          0x0000000008000160      0x378 e:/stm32cubeide_1.11.0/stm32cubeide/plugins/com.st.stm32cube.ide.mcu.externaltools.gnu-tools-for-stm32.10.3-2021.10.win32_1.0.100.202210260954/tools/bin/../lib/gcc/arm-none-eabi/10.3.1/thumb/v7-m/nofp\libgcc.a(_arm_addsubdf3.o)
                0x0000000008000160                __aeabi_drsub
                0x0000000008000168                __aeabi_dsub
                0x0000000008000168                __subdf3
                0x000000000800016c                __aeabi_dadd
                0x000000000800016c                __adddf3
                0x00000000080003e4                __floatunsidf
                0x00000000080003e4                __aeabi_ui2d
                0x0000000008000404                __floatsidf
                0x0000000008000404                __aeabi_i2d
                0x0000000008000428                __aeabi_f2d
                0x0000000008000428                __extendsfdf2
                0x000000000800046c                __floatundidf
                0x000000000800046c                __aeabi_ul2d
                0x000000000800047c                __floatdidf
                0x000000000800047c                __aeabi_l2d
 .text          0x00000000080004d8      0x424 e:/stm32cubeide_1.11.0/stm32cubeide/plugins/com.st.stm32cube.ide.mcu.externaltools.gnu-tools-for-stm32.10.3-2021.10.win32_1.0.100.202210260954/tools/bin/../lib/gcc/arm-none-eabi/10.3.1/thumb/v7-m/nofp\libgcc.a(_arm_muldivdf3.o)
                0x00000000080004d8                __aeabi_dmul
                0x00000000080004d8                __muldf3
                0x000000000800072c                __divdf3
                0x000000000800072c                __aeabi_ddiv
 .text          0x00000000080008fc      0x110 e:/stm32cubeide_1.11.0/stm32cubeide/plugins/com.st.stm32cube.ide.mcu.externaltools.gnu-tools-for-stm32.10.3-2021.10.win32_1.0.100.202210260954/tools/bin/../lib/gcc/arm-none-eabi/10.3.1/thumb/v7-m/nofp\libgcc.a(_arm_cmpdf2.o)
                0x00000000080008fc                __gtdf2
                0x00000000080008fc                __gedf2
                0x0000000008000904                __ltdf2
                0x0000000008000904                __ledf2
                0x000000000800090c                __nedf2
                0x000000000800090c                __eqdf2
                0x000000000800090c                __cmpdf2
                0x0000000008000988                __aeabi_cdrcmple
                0x0000000008000998                __aeabi_cdcmpeq
                0x0000000008000998                __aeabi_cdcmple
                0x00000000080009a8                __aeabi_dcmpeq
                0x00000000080009bc                __aeabi_dcmplt
                0x00000000080009d0                __aeabi_dcmple
                0x00000000080009e4                __aeabi_dcmpge
                0x00000000080009f8                __aeabi_dcmpgt
 .text          0x0000000008000a0c       0x40 e:/stm32cubeide_1.11.0/stm32cubeide/plugins/com.st.stm32cube.ide.mcu.externaltools.gnu-tools-for-stm32.10.3-2021.10.win32_1.0.100.202210260954/tools/bin/../lib/gcc/arm-none-eabi/10.3.1/thumb/v7-m/nofp\libgcc.a(_arm_fixunsdfsi.o)
                0x0000000008000a0c                __aeabi_d2uiz
                0x0000000008000a0c                __fixunsdfsi
 *(.text*)
 .text.MPU6050_Init
                0x0000000008000a4c       0x68 ./Core/Src/MPU6050.o
                0x0000000008000a4c                MPU6050_Init
 .text.MPU6050_Bypass
                0x0000000008000ab4       0x5c ./Core/Src/MPU6050.o
                0x0000000008000ab4                MPU6050_Bypass
 .text.MPU6050_Master
                0x0000000008000b10       0xa4 ./Core/Src/MPU6050.o
                0x0000000008000b10                MPU6050_Master
 .text.HMC5883L_Setup
                0x0000000008000bb4       0x80 ./Core/Src/MPU6050.o
                0x0000000008000bb4                HMC5883L_Setup
 .text.MPU6050_Slave_Read
                0x0000000008000c34       0x80 ./Core/Src/MPU6050.o
                0x0000000008000c34                MPU6050_Slave_Read
 .text.MPU6050_Read_All
                0x0000000008000cb4       0x2c ./Core/Src/MPU6050.o
                0x0000000008000cb4                MPU6050_Read_All
 .text.MPU6050_Parsing_NoOffest
                0x0000000008000ce0      0x130 ./Core/Src/MPU6050.o
                0x0000000008000ce0                MPU6050_Parsing_NoOffest
 .text.main     0x0000000008000e10       0xf0 ./Core/Src/main.o
                0x0000000008000e10                main
 .text.SystemClock_Config
                0x0000000008000f00       0x8a ./Core/Src/main.o
                0x0000000008000f00                SystemClock_Config
 *fill*         0x0000000008000f8a        0x2 
 .text.MX_I2C2_Init
                0x0000000008000f8c       0x5c ./Core/Src/main.o
 .text.MX_SPI1_Init
                0x0000000008000fe8       0x6c ./Core/Src/main.o
 .text.MX_GPIO_Init
                0x0000000008001054       0x94 ./Core/Src/main.o
 .text.Error_Handler
                0x00000000080010e8        0xa ./Core/Src/main.o
                0x00000000080010e8                Error_Handler
 *fill*         0x00000000080010f2        0x2 
 .text.socket   0x00000000080010f4      0x22c ./Core/Src/socket.o
                0x00000000080010f4                socket
 .text.close    0x0000000008001320       0xdc ./Core/Src/socket.o
                0x0000000008001320                close
 .text.sendto   0x00000000080013fc      0x26c ./Core/Src/socket.o
                0x00000000080013fc                sendto
 .text.HAL_MspInit
                0x0000000008001668       0x44 ./Core/Src/stm32f1xx_hal_msp.o
                0x0000000008001668                HAL_MspInit
 .text.HAL_I2C_MspInit
                0x00000000080016ac       0x80 ./Core/Src/stm32f1xx_hal_msp.o
                0x00000000080016ac                HAL_I2C_MspInit
 .text.HAL_SPI_MspInit
                0x000000000800172c       0xa4 ./Core/Src/stm32f1xx_hal_msp.o
                0x000000000800172c                HAL_SPI_MspInit
 .text.NMI_Handler
                0x00000000080017d0        0x6 ./Core/Src/stm32f1xx_it.o
                0x00000000080017d0                NMI_Handler
 .text.HardFault_Handler
                0x00000000080017d6        0x6 ./Core/Src/stm32f1xx_it.o
                0x00000000080017d6                HardFault_Handler
 .text.MemManage_Handler
                0x00000000080017dc        0x6 ./Core/Src/stm32f1xx_it.o
                0x00000000080017dc                MemManage_Handler
 .text.BusFault_Handler
                0x00000000080017e2        0x6 ./Core/Src/stm32f1xx_it.o
                0x00000000080017e2                BusFault_Handler
 .text.UsageFault_Handler
                0x00000000080017e8        0x6 ./Core/Src/stm32f1xx_it.o
                0x00000000080017e8                UsageFault_Handler
 .text.SVC_Handler
                0x00000000080017ee        0xc ./Core/Src/stm32f1xx_it.o
                0x00000000080017ee                SVC_Handler
 .text.DebugMon_Handler
                0x00000000080017fa        0xc ./Core/Src/stm32f1xx_it.o
                0x00000000080017fa                DebugMon_Handler
 .text.PendSV_Handler
                0x0000000008001806        0xc ./Core/Src/stm32f1xx_it.o
                0x0000000008001806                PendSV_Handler
 .text.SysTick_Handler
                0x0000000008001812        0xc ./Core/Src/stm32f1xx_it.o
                0x0000000008001812                SysTick_Handler
 *fill*         0x000000000800181e        0x2 
 .text.SPI1_IRQHandler
                0x0000000008001820       0x14 ./Core/Src/stm32f1xx_it.o
                0x0000000008001820                SPI1_IRQHandler
 .text._sbrk    0x0000000008001834       0x6c ./Core/Src/sysmem.o
                0x0000000008001834                _sbrk
 .text.SystemInit
                0x00000000080018a0        0xc ./Core/Src/system_stm32f1xx.o
                0x00000000080018a0                SystemInit
 .text.WIZCHIP_READ
                0x00000000080018ac       0x98 ./Core/Src/w5500.o
                0x00000000080018ac                WIZCHIP_READ
 .text.WIZCHIP_WRITE
                0x0000000008001944       0x9c ./Core/Src/w5500.o
                0x0000000008001944                WIZCHIP_WRITE
 .text.WIZCHIP_READ_BUF
                0x00000000080019e0       0xc0 ./Core/Src/w5500.o
                0x00000000080019e0                WIZCHIP_READ_BUF
 .text.WIZCHIP_WRITE_BUF
                0x0000000008001aa0       0xc0 ./Core/Src/w5500.o
                0x0000000008001aa0                WIZCHIP_WRITE_BUF
 .text.getSn_TX_FSR
                0x0000000008001b60       0x96 ./Core/Src/w5500.o
                0x0000000008001b60                getSn_TX_FSR
 .text.wiz_send_data
                0x0000000008001bf6       0xb8 ./Core/Src/w5500.o
                0x0000000008001bf6                wiz_send_data
 *fill*         0x0000000008001cae        0x2 
 .text.cs_sel   0x0000000008001cb0       0x18 ./Core/Src/w5500_interface.o
 .text.cs_desel
                0x0000000008001cc8       0x18 ./Core/Src/w5500_interface.o
 .text.spi_rb   0x0000000008001ce0       0x24 ./Core/Src/w5500_interface.o
                0x0000000008001ce0                spi_rb
 .text.spi_wb   0x0000000008001d04       0x24 ./Core/Src/w5500_interface.o
                0x0000000008001d04                spi_wb
 .text.initializeW5500
                0x0000000008001d28       0x9c ./Core/Src/w5500_interface.o
                0x0000000008001d28                initializeW5500
 .text.Socket_sendUDP
                0x0000000008001dc4       0x46 ./Core/Src/w5500_interface.o
                0x0000000008001dc4                Socket_sendUDP
 .text.wizchip_cris_enter
                0x0000000008001e0a        0xc ./Core/Src/wizchip_conf.o
                0x0000000008001e0a                wizchip_cris_enter
 .text.wizchip_cris_exit
                0x0000000008001e16        0xc ./Core/Src/wizchip_conf.o
                0x0000000008001e16                wizchip_cris_exit
 .text.wizchip_cs_select
                0x0000000008001e22        0xc ./Core/Src/wizchip_conf.o
                0x0000000008001e22                wizchip_cs_select
 .text.wizchip_cs_deselect
                0x0000000008001e2e        0xc ./Core/Src/wizchip_conf.o
                0x0000000008001e2e                wizchip_cs_deselect
 .text.wizchip_bus_readdata
                0x0000000008001e3a       0x18 ./Core/Src/wizchip_conf.o
                0x0000000008001e3a                wizchip_bus_readdata
 .text.wizchip_bus_writedata
                0x0000000008001e52       0x1c ./Core/Src/wizchip_conf.o
                0x0000000008001e52                wizchip_bus_writedata
 .text.wizchip_spi_readbyte
                0x0000000008001e6e        0xe ./Core/Src/wizchip_conf.o
                0x0000000008001e6e                wizchip_spi_readbyte
 .text.wizchip_spi_writebyte
                0x0000000008001e7c       0x14 ./Core/Src/wizchip_conf.o
                0x0000000008001e7c                wizchip_spi_writebyte
 .text.reg_wizchip_cs_cbfunc
                0x0000000008001e90       0x48 ./Core/Src/wizchip_conf.o
                0x0000000008001e90                reg_wizchip_cs_cbfunc
 .text.reg_wizchip_spi_cbfunc
                0x0000000008001ed8       0x58 ./Core/Src/wizchip_conf.o
                0x0000000008001ed8                reg_wizchip_spi_cbfunc
 .text.wizchip_sw_reset
                0x0000000008001f30       0x98 ./Core/Src/wizchip_conf.o
                0x0000000008001f30                wizchip_sw_reset
 .text.wizchip_init
                0x0000000008001fc8      0x118 ./Core/Src/wizchip_conf.o
                0x0000000008001fc8                wizchip_init
 .text.wizchip_setnetinfo
                0x00000000080020e0       0x80 ./Core/Src/wizchip_conf.o
                0x00000000080020e0                wizchip_setnetinfo
 .text.Reset_Handler
                0x0000000008002160       0x48 ./Core/Startup/startup_stm32f103c8tx.o
                0x0000000008002160                Reset_Handler
 .text.Default_Handler
                0x00000000080021a8        0x2 ./Core/Startup/startup_stm32f103c8tx.o
                0x00000000080021a8                RTC_Alarm_IRQHandler
                0x00000000080021a8                EXTI2_IRQHandler
                0x00000000080021a8                TIM1_CC_IRQHandler
                0x00000000080021a8                PVD_IRQHandler
                0x00000000080021a8                EXTI3_IRQHandler
                0x00000000080021a8                EXTI0_IRQHandler
                0x00000000080021a8                I2C2_EV_IRQHandler
                0x00000000080021a8                ADC1_2_IRQHandler
                0x00000000080021a8                TAMPER_IRQHandler
                0x00000000080021a8                DMA1_Channel4_IRQHandler
                0x00000000080021a8                USART3_IRQHandler
                0x00000000080021a8                RTC_IRQHandler
                0x00000000080021a8                DMA1_Channel7_IRQHandler
                0x00000000080021a8                CAN1_RX1_IRQHandler
                0x00000000080021a8                TIM4_IRQHandler
                0x00000000080021a8                I2C1_EV_IRQHandler
                0x00000000080021a8                DMA1_Channel6_IRQHandler
                0x00000000080021a8                TIM3_IRQHandler
                0x00000000080021a8                RCC_IRQHandler
                0x00000000080021a8                TIM1_TRG_COM_IRQHandler
                0x00000000080021a8                DMA1_Channel1_IRQHandler
                0x00000000080021a8                Default_Handler
                0x00000000080021a8                EXTI15_10_IRQHandler
                0x00000000080021a8                EXTI9_5_IRQHandler
                0x00000000080021a8                SPI2_IRQHandler
                0x00000000080021a8                DMA1_Channel5_IRQHandler
                0x00000000080021a8                EXTI4_IRQHandler
                0x00000000080021a8                USB_LP_CAN1_RX0_IRQHandler
                0x00000000080021a8                USB_HP_CAN1_TX_IRQHandler
                0x00000000080021a8                DMA1_Channel3_IRQHandler
                0x00000000080021a8                TIM1_UP_IRQHandler
                0x00000000080021a8                WWDG_IRQHandler
                0x00000000080021a8                TIM2_IRQHandler
                0x00000000080021a8                TIM1_BRK_IRQHandler
                0x00000000080021a8                EXTI1_IRQHandler
                0x00000000080021a8                USART2_IRQHandler
                0x00000000080021a8                I2C2_ER_IRQHandler
                0x00000000080021a8                DMA1_Channel2_IRQHandler
                0x00000000080021a8                CAN1_SCE_IRQHandler
                0x00000000080021a8                FLASH_IRQHandler
                0x00000000080021a8                USART1_IRQHandler
                0x00000000080021a8                I2C1_ER_IRQHandler
                0x00000000080021a8                USBWakeUp_IRQHandler
 *fill*         0x00000000080021aa        0x2 
 .text.HAL_Init
                0x00000000080021ac       0x2c ./Drivers/STM32F1xx_HAL_Driver/Src/stm32f1xx_hal.o
                0x00000000080021ac                HAL_Init
 .text.HAL_InitTick
                0x00000000080021d8       0x60 ./Drivers/STM32F1xx_HAL_Driver/Src/stm32f1xx_hal.o
                0x00000000080021d8                HAL_InitTick
 .text.HAL_IncTick
                0x0000000008002238       0x24 ./Drivers/STM32F1xx_HAL_Driver/Src/stm32f1xx_hal.o
                0x0000000008002238                HAL_IncTick
 .text.HAL_GetTick
                0x000000000800225c       0x14 ./Drivers/STM32F1xx_HAL_Driver/Src/stm32f1xx_hal.o
                0x000000000800225c                HAL_GetTick
 .text.HAL_Delay
                0x0000000008002270       0x48 ./Drivers/STM32F1xx_HAL_Driver/Src/stm32f1xx_hal.o
                0x0000000008002270                HAL_Delay
 .text.__NVIC_SetPriorityGrouping
                0x00000000080022b8       0x48 ./Drivers/STM32F1xx_HAL_Driver/Src/stm32f1xx_hal_cortex.o
 .text.__NVIC_GetPriorityGrouping
                0x0000000008002300       0x1c ./Drivers/STM32F1xx_HAL_Driver/Src/stm32f1xx_hal_cortex.o
 .text.__NVIC_EnableIRQ
                0x000000000800231c       0x38 ./Drivers/STM32F1xx_HAL_Driver/Src/stm32f1xx_hal_cortex.o
 .text.__NVIC_SetPriority
                0x0000000008002354       0x54 ./Drivers/STM32F1xx_HAL_Driver/Src/stm32f1xx_hal_cortex.o
 .text.NVIC_EncodePriority
                0x00000000080023a8       0x64 ./Drivers/STM32F1xx_HAL_Driver/Src/stm32f1xx_hal_cortex.o
 .text.SysTick_Config
                0x000000000800240c       0x44 ./Drivers/STM32F1xx_HAL_Driver/Src/stm32f1xx_hal_cortex.o
 .text.HAL_NVIC_SetPriorityGrouping
                0x0000000008002450       0x16 ./Drivers/STM32F1xx_HAL_Driver/Src/stm32f1xx_hal_cortex.o
                0x0000000008002450                HAL_NVIC_SetPriorityGrouping
 .text.HAL_NVIC_SetPriority
                0x0000000008002466       0x38 ./Drivers/STM32F1xx_HAL_Driver/Src/stm32f1xx_hal_cortex.o
                0x0000000008002466                HAL_NVIC_SetPriority
 .text.HAL_NVIC_EnableIRQ
                0x000000000800249e       0x1c ./Drivers/STM32F1xx_HAL_Driver/Src/stm32f1xx_hal_cortex.o
                0x000000000800249e                HAL_NVIC_EnableIRQ
 .text.HAL_SYSTICK_Config
                0x00000000080024ba       0x18 ./Drivers/STM32F1xx_HAL_Driver/Src/stm32f1xx_hal_cortex.o
                0x00000000080024ba                HAL_SYSTICK_Config
 *fill*         0x00000000080024d2        0x2 
 .text.HAL_DMA_Abort_IT
                0x00000000080024d4       0xf0 ./Drivers/STM32F1xx_HAL_Driver/Src/stm32f1xx_hal_dma.o
                0x00000000080024d4                HAL_DMA_Abort_IT
 .text.HAL_GPIO_Init
                0x00000000080025c4      0x308 ./Drivers/STM32F1xx_HAL_Driver/Src/stm32f1xx_hal_gpio.o
                0x00000000080025c4                HAL_GPIO_Init
 .text.HAL_GPIO_WritePin
                0x00000000080028cc       0x30 ./Drivers/STM32F1xx_HAL_Driver/Src/stm32f1xx_hal_gpio.o
                0x00000000080028cc                HAL_GPIO_WritePin
 .text.HAL_I2C_Init
                0x00000000080028fc      0x288 ./Drivers/STM32F1xx_HAL_Driver/Src/stm32f1xx_hal_i2c.o
                0x00000000080028fc                HAL_I2C_Init
 .text.HAL_I2C_Mem_Write
                0x0000000008002b84      0x1f4 ./Drivers/STM32F1xx_HAL_Driver/Src/stm32f1xx_hal_i2c.o
                0x0000000008002b84                HAL_I2C_Mem_Write
 .text.HAL_I2C_Mem_Read
                0x0000000008002d78      0x4d0 ./Drivers/STM32F1xx_HAL_Driver/Src/stm32f1xx_hal_i2c.o
                0x0000000008002d78                HAL_I2C_Mem_Read
 .text.I2C_RequestMemoryWrite
                0x0000000008003248      0x12c ./Drivers/STM32F1xx_HAL_Driver/Src/stm32f1xx_hal_i2c.o
 .text.I2C_RequestMemoryRead
                0x0000000008003374      0x1d0 ./Drivers/STM32F1xx_HAL_Driver/Src/stm32f1xx_hal_i2c.o
 .text.I2C_WaitOnFlagUntilTimeout
                0x0000000008003544       0xf4 ./Drivers/STM32F1xx_HAL_Driver/Src/stm32f1xx_hal_i2c.o
 .text.I2C_WaitOnMasterAddressFlagUntilTimeout
                0x0000000008003638      0x140 ./Drivers/STM32F1xx_HAL_Driver/Src/stm32f1xx_hal_i2c.o
 .text.I2C_WaitOnTXEFlagUntilTimeout
                0x0000000008003778       0x90 ./Drivers/STM32F1xx_HAL_Driver/Src/stm32f1xx_hal_i2c.o
 .text.I2C_WaitOnBTFFlagUntilTimeout
                0x0000000008003808       0x90 ./Drivers/STM32F1xx_HAL_Driver/Src/stm32f1xx_hal_i2c.o
 .text.I2C_WaitOnRXNEFlagUntilTimeout
                0x0000000008003898       0xba ./Drivers/STM32F1xx_HAL_Driver/Src/stm32f1xx_hal_i2c.o
 .text.I2C_IsAcknowledgeFailed
                0x0000000008003952       0x5c ./Drivers/STM32F1xx_HAL_Driver/Src/stm32f1xx_hal_i2c.o
 *fill*         0x00000000080039ae        0x2 
 .text.HAL_RCC_OscConfig
                0x00000000080039b0      0x504 ./Drivers/STM32F1xx_HAL_Driver/Src/stm32f1xx_hal_rcc.o
                0x00000000080039b0                HAL_RCC_OscConfig
 .text.HAL_RCC_ClockConfig
                0x0000000008003eb4      0x1d4 ./Drivers/STM32F1xx_HAL_Driver/Src/stm32f1xx_hal_rcc.o
                0x0000000008003eb4                HAL_RCC_ClockConfig
 .text.HAL_RCC_GetSysClockFreq
                0x0000000008004088       0xa8 ./Drivers/STM32F1xx_HAL_Driver/Src/stm32f1xx_hal_rcc.o
                0x0000000008004088                HAL_RCC_GetSysClockFreq
 .text.HAL_RCC_GetHCLKFreq
                0x0000000008004130       0x14 ./Drivers/STM32F1xx_HAL_Driver/Src/stm32f1xx_hal_rcc.o
                0x0000000008004130                HAL_RCC_GetHCLKFreq
 .text.HAL_RCC_GetPCLK1Freq
                0x0000000008004144       0x28 ./Drivers/STM32F1xx_HAL_Driver/Src/stm32f1xx_hal_rcc.o
                0x0000000008004144                HAL_RCC_GetPCLK1Freq
 .text.RCC_Delay
                0x000000000800416c       0x3c ./Drivers/STM32F1xx_HAL_Driver/Src/stm32f1xx_hal_rcc.o
 .text.HAL_SPI_Init
                0x00000000080041a8      0x108 ./Drivers/STM32F1xx_HAL_Driver/Src/stm32f1xx_hal_spi.o
                0x00000000080041a8                HAL_SPI_Init
 .text.HAL_SPI_Transmit
                0x00000000080042b0      0x286 ./Drivers/STM32F1xx_HAL_Driver/Src/stm32f1xx_hal_spi.o
                0x00000000080042b0                HAL_SPI_Transmit
 .text.HAL_SPI_Receive
                0x0000000008004536      0x230 ./Drivers/STM32F1xx_HAL_Driver/Src/stm32f1xx_hal_spi.o
                0x0000000008004536                HAL_SPI_Receive
 .text.HAL_SPI_TransmitReceive
                0x0000000008004766      0x360 ./Drivers/STM32F1xx_HAL_Driver/Src/stm32f1xx_hal_spi.o
                0x0000000008004766                HAL_SPI_TransmitReceive
 *fill*         0x0000000008004ac6        0x2 
 .text.HAL_SPI_IRQHandler
                0x0000000008004ac8      0x1cc ./Drivers/STM32F1xx_HAL_Driver/Src/stm32f1xx_hal_spi.o
                0x0000000008004ac8                HAL_SPI_IRQHandler
 .text.HAL_SPI_ErrorCallback
                0x0000000008004c94       0x12 ./Drivers/STM32F1xx_HAL_Driver/Src/stm32f1xx_hal_spi.o
                0x0000000008004c94                HAL_SPI_ErrorCallback
 .text.SPI_DMAAbortOnError
                0x0000000008004ca6       0x28 ./Drivers/STM32F1xx_HAL_Driver/Src/stm32f1xx_hal_spi.o
 *fill*         0x0000000008004cce        0x2 
 .text.SPI_WaitFlagStateUntilTimeout
                0x0000000008004cd0      0x110 ./Drivers/STM32F1xx_HAL_Driver/Src/stm32f1xx_hal_spi.o
 .text.SPI_EndRxTransaction
                0x0000000008004de0       0xa4 ./Drivers/STM32F1xx_HAL_Driver/Src/stm32f1xx_hal_spi.o
 .text.SPI_EndRxTxTransaction
                0x0000000008004e84       0x3c ./Drivers/STM32F1xx_HAL_Driver/Src/stm32f1xx_hal_spi.o
 .text.__errno  0x0000000008004ec0        0xc e:/stm32cubeide_1.11.0/stm32cubeide/plugins/com.st.stm32cube.ide.mcu.externaltools.gnu-tools-for-stm32.10.3-2021.10.win32_1.0.100.202210260954/tools/bin/../lib/gcc/arm-none-eabi/10.3.1/../../../../arm-none-eabi/lib/thumb/v7-m/nofp\libc_nano.a(lib_a-errno.o)
                0x0000000008004ec0                __errno
 .text.__libc_init_array
                0x0000000008004ecc       0x48 e:/stm32cubeide_1.11.0/stm32cubeide/plugins/com.st.stm32cube.ide.mcu.externaltools.gnu-tools-for-stm32.10.3-2021.10.win32_1.0.100.202210260954/tools/bin/../lib/gcc/arm-none-eabi/10.3.1/../../../../arm-none-eabi/lib/thumb/v7-m/nofp\libc_nano.a(lib_a-init.o)
                0x0000000008004ecc                __libc_init_array
 .text.memset   0x0000000008004f14       0x10 e:/stm32cubeide_1.11.0/stm32cubeide/plugins/com.st.stm32cube.ide.mcu.externaltools.gnu-tools-for-stm32.10.3-2021.10.win32_1.0.100.202210260954/tools/bin/../lib/gcc/arm-none-eabi/10.3.1/../../../../arm-none-eabi/lib/thumb/v7-m/nofp\libc_nano.a(lib_a-memset.o)
                0x0000000008004f14                memset
 .text.sprintf  0x0000000008004f24       0x40 e:/stm32cubeide_1.11.0/stm32cubeide/plugins/com.st.stm32cube.ide.mcu.externaltools.gnu-tools-for-stm32.10.3-2021.10.win32_1.0.100.202210260954/tools/bin/../lib/gcc/arm-none-eabi/10.3.1/../../../../arm-none-eabi/lib/thumb/v7-m/nofp\libc_nano.a(lib_a-sprintf.o)
                0x0000000008004f24                siprintf
                0x0000000008004f24                sprintf
 .text.__ssputs_r
                0x0000000008004f64       0xb6 e:/stm32cubeide_1.11.0/stm32cubeide/plugins/com.st.stm32cube.ide.mcu.externaltools.gnu-tools-for-stm32.10.3-2021.10.win32_1.0.100.202210260954/tools/bin/../lib/gcc/arm-none-eabi/10.3.1/../../../../arm-none-eabi/lib/thumb/v7-m/nofp\libc_nano.a(lib_a-nano-svfprintf.o)
                0x0000000008004f64                __ssputs_r
 *fill*         0x000000000800501a        0x2 
 .text._svfprintf_r
                0x000000000800501c      0x200 e:/stm32cubeide_1.11.0/stm32cubeide/plugins/com.st.stm32cube.ide.mcu.externaltools.gnu-tools-for-stm32.10.3-2021.10.win32_1.0.100.202210260954/tools/bin/../lib/gcc/arm-none-eabi/10.3.1/../../../../arm-none-eabi/lib/thumb/v7-m/nofp\libc_nano.a(lib_a-nano-svfprintf.o)
                0x000000000800501c                _svfiprintf_r
                0x000000000800501c                _svfprintf_r
 .text._printf_common
                0x000000000800521c       0xde e:/stm32cubeide_1.11.0/stm32cubeide/plugins/com.st.stm32cube.ide.mcu.externaltools.gnu-tools-for-stm32.10.3-2021.10.win32_1.0.100.202210260954/tools/bin/../lib/gcc/arm-none-eabi/10.3.1/../../../../arm-none-eabi/lib/thumb/v7-m/nofp\libc_nano.a(lib_a-nano-vfprintf_i.o)
                0x000000000800521c                _printf_common
 *fill*         0x00000000080052fa        0x2 
 .text._printf_i
                0x00000000080052fc      0x24c e:/stm32cubeide_1.11.0/stm32cubeide/plugins/com.st.stm32cube.ide.mcu.externaltools.gnu-tools-for-stm32.10.3-2021.10.win32_1.0.100.202210260954/tools/bin/../lib/gcc/arm-none-eabi/10.3.1/../../../../arm-none-eabi/lib/thumb/v7-m/nofp\libc_nano.a(lib_a-nano-vfprintf_i.o)
                0x00000000080052fc                _printf_i
 .text.memchr   0x0000000008005548       0x1c e:/stm32cubeide_1.11.0/stm32cubeide/plugins/com.st.stm32cube.ide.mcu.externaltools.gnu-tools-for-stm32.10.3-2021.10.win32_1.0.100.202210260954/tools/bin/../lib/gcc/arm-none-eabi/10.3.1/../../../../arm-none-eabi/lib/thumb/v7-m/nofp\libc_nano.a(lib_a-memchr-stub.o)
                0x0000000008005548                memchr
 .text.memcpy   0x0000000008005564       0x1c e:/stm32cubeide_1.11.0/stm32cubeide/plugins/com.st.stm32cube.ide.mcu.externaltools.gnu-tools-for-stm32.10.3-2021.10.win32_1.0.100.202210260954/tools/bin/../lib/gcc/arm-none-eabi/10.3.1/../../../../arm-none-eabi/lib/thumb/v7-m/nofp\libc_nano.a(lib_a-memcpy-stub.o)
                0x0000000008005564                memcpy
 .text.memmove  0x0000000008005580       0x34 e:/stm32cubeide_1.11.0/stm32cubeide/plugins/com.st.stm32cube.ide.mcu.externaltools.gnu-tools-for-stm32.10.3-2021.10.win32_1.0.100.202210260954/tools/bin/../lib/gcc/arm-none-eabi/10.3.1/../../../../arm-none-eabi/lib/thumb/v7-m/nofp\libc_nano.a(lib_a-memmove.o)
                0x0000000008005580                memmove
 .text._free_r  0x00000000080055b4       0x90 e:/stm32cubeide_1.11.0/stm32cubeide/plugins/com.st.stm32cube.ide.mcu.externaltools.gnu-tools-for-stm32.10.3-2021.10.win32_1.0.100.202210260954/tools/bin/../lib/gcc/arm-none-eabi/10.3.1/../../../../arm-none-eabi/lib/thumb/v7-m/nofp\libc_nano.a(lib_a-nano-freer.o)
                0x00000000080055b4                _free_r
 .text.sbrk_aligned
                0x0000000008005644       0x40 e:/stm32cubeide_1.11.0/stm32cubeide/plugins/com.st.stm32cube.ide.mcu.externaltools.gnu-tools-for-stm32.10.3-2021.10.win32_1.0.100.202210260954/tools/bin/../lib/gcc/arm-none-eabi/10.3.1/../../../../arm-none-eabi/lib/thumb/v7-m/nofp\libc_nano.a(lib_a-nano-mallocr.o)
 .text._malloc_r
                0x0000000008005684       0xe8 e:/stm32cubeide_1.11.0/stm32cubeide/plugins/com.st.stm32cube.ide.mcu.externaltools.gnu-tools-for-stm32.10.3-2021.10.win32_1.0.100.202210260954/tools/bin/../lib/gcc/arm-none-eabi/10.3.1/../../../../arm-none-eabi/lib/thumb/v7-m/nofp\libc_nano.a(lib_a-nano-mallocr.o)
                0x0000000008005684                _malloc_r
 .text._realloc_r
                0x000000000800576c       0x5e e:/stm32cubeide_1.11.0/stm32cubeide/plugins/com.st.stm32cube.ide.mcu.externaltools.gnu-tools-for-stm32.10.3-2021.10.win32_1.0.100.202210260954/tools/bin/../lib/gcc/arm-none-eabi/10.3.1/../../../../arm-none-eabi/lib/thumb/v7-m/nofp\libc_nano.a(lib_a-nano-reallocr.o)
                0x000000000800576c                _realloc_r
 *fill*         0x00000000080057ca        0x2 
 .text._sbrk_r  0x00000000080057cc       0x20 e:/stm32cubeide_1.11.0/stm32cubeide/plugins/com.st.stm32cube.ide.mcu.externaltools.gnu-tools-for-stm32.10.3-2021.10.win32_1.0.100.202210260954/tools/bin/../lib/gcc/arm-none-eabi/10.3.1/../../../../arm-none-eabi/lib/thumb/v7-m/nofp\libc_nano.a(lib_a-sbrkr.o)
                0x00000000080057cc                _sbrk_r
 .text.__malloc_lock
                0x00000000080057ec        0xc e:/stm32cubeide_1.11.0/stm32cubeide/plugins/com.st.stm32cube.ide.mcu.externaltools.gnu-tools-for-stm32.10.3-2021.10.win32_1.0.100.202210260954/tools/bin/../lib/gcc/arm-none-eabi/10.3.1/../../../../arm-none-eabi/lib/thumb/v7-m/nofp\libc_nano.a(lib_a-mlock.o)
                0x00000000080057ec                __malloc_lock
 .text.__malloc_unlock
                0x00000000080057f8        0xc e:/stm32cubeide_1.11.0/stm32cubeide/plugins/com.st.stm32cube.ide.mcu.externaltools.gnu-tools-for-stm32.10.3-2021.10.win32_1.0.100.202210260954/tools/bin/../lib/gcc/arm-none-eabi/10.3.1/../../../../arm-none-eabi/lib/thumb/v7-m/nofp\libc_nano.a(lib_a-mlock.o)
                0x00000000080057f8                __malloc_unlock
 .text._malloc_usable_size_r
                0x0000000008005804       0x10 e:/stm32cubeide_1.11.0/stm32cubeide/plugins/com.st.stm32cube.ide.mcu.externaltools.gnu-tools-for-stm32.10.3-2021.10.win32_1.0.100.202210260954/tools/bin/../lib/gcc/arm-none-eabi/10.3.1/../../../../arm-none-eabi/lib/thumb/v7-m/nofp\libc_nano.a(lib_a-nano-msizer.o)
                0x0000000008005804                _malloc_usable_size_r
 .text.__retarget_lock_acquire_recursive
                0x0000000008005814        0x2 e:/stm32cubeide_1.11.0/stm32cubeide/plugins/com.st.stm32cube.ide.mcu.externaltools.gnu-tools-for-stm32.10.3-2021.10.win32_1.0.100.202210260954/tools/bin/../lib/gcc/arm-none-eabi/10.3.1/../../../../arm-none-eabi/lib/thumb/v7-m/nofp\libc_nano.a(lib_a-lock.o)
                0x0000000008005814                __retarget_lock_acquire_recursive
 .text.__retarget_lock_release_recursive
                0x0000000008005816        0x2 e:/stm32cubeide_1.11.0/stm32cubeide/plugins/com.st.stm32cube.ide.mcu.externaltools.gnu-tools-for-stm32.10.3-2021.10.win32_1.0.100.202210260954/tools/bin/../lib/gcc/arm-none-eabi/10.3.1/../../../../arm-none-eabi/lib/thumb/v7-m/nofp\libc_nano.a(lib_a-lock.o)
                0x0000000008005816                __retarget_lock_release_recursive
 .text.atan2    0x0000000008005818        0x4 e:/stm32cubeide_1.11.0/stm32cubeide/plugins/com.st.stm32cube.ide.mcu.externaltools.gnu-tools-for-stm32.10.3-2021.10.win32_1.0.100.202210260954/tools/bin/../lib/gcc/arm-none-eabi/10.3.1/../../../../arm-none-eabi/lib/thumb/v7-m/nofp\libm.a(lib_a-w_atan2.o)
                0x0000000008005818                atan2
 *fill*         0x000000000800581c        0x4 
 .text.__ieee754_atan2
                0x0000000008005820      0x1a4 e:/stm32cubeide_1.11.0/stm32cubeide/plugins/com.st.stm32cube.ide.mcu.externaltools.gnu-tools-for-stm32.10.3-2021.10.win32_1.0.100.202210260954/tools/bin/../lib/gcc/arm-none-eabi/10.3.1/../../../../arm-none-eabi/lib/thumb/v7-m/nofp\libm.a(lib_a-e_atan2.o)
                0x0000000008005820                __ieee754_atan2
 *fill*         0x00000000080059c4        0x4 
 .text.atan     0x00000000080059c8      0x314 e:/stm32cubeide_1.11.0/stm32cubeide/plugins/com.st.stm32cube.ide.mcu.externaltools.gnu-tools-for-stm32.10.3-2021.10.win32_1.0.100.202210260954/tools/bin/../lib/gcc/arm-none-eabi/10.3.1/../../../../arm-none-eabi/lib/thumb/v7-m/nofp\libm.a(lib_a-s_atan.o)
                0x00000000080059c8                atan
 .text.fabs     0x0000000008005cdc        0x6 e:/stm32cubeide_1.11.0/stm32cubeide/plugins/com.st.stm32cube.ide.mcu.externaltools.gnu-tools-for-stm32.10.3-2021.10.win32_1.0.100.202210260954/tools/bin/../lib/gcc/arm-none-eabi/10.3.1/../../../../arm-none-eabi/lib/thumb/v7-m/nofp\libm.a(lib_a-s_fabs.o)
                0x0000000008005cdc                fabs
 *(.glue_7)
 .glue_7        0x0000000008005ce2        0x0 linker stubs
 *(.glue_7t)
 .glue_7t       0x0000000008005ce2        0x0 linker stubs
 *(.eh_frame)
 *fill*         0x0000000008005ce2        0x2 
 .eh_frame      0x0000000008005ce4        0x0 e:/stm32cubeide_1.11.0/stm32cubeide/plugins/com.st.stm32cube.ide.mcu.externaltools.gnu-tools-for-stm32.10.3-2021.10.win32_1.0.100.202210260954/tools/bin/../lib/gcc/arm-none-eabi/10.3.1/thumb/v7-m/nofp/crtbegin.o
 *(.init)
 .init          0x0000000008005ce4        0x4 e:/stm32cubeide_1.11.0/stm32cubeide/plugins/com.st.stm32cube.ide.mcu.externaltools.gnu-tools-for-stm32.10.3-2021.10.win32_1.0.100.202210260954/tools/bin/../lib/gcc/arm-none-eabi/10.3.1/thumb/v7-m/nofp/crti.o
                0x0000000008005ce4                _init
 .init          0x0000000008005ce8        0x8 e:/stm32cubeide_1.11.0/stm32cubeide/plugins/com.st.stm32cube.ide.mcu.externaltools.gnu-tools-for-stm32.10.3-2021.10.win32_1.0.100.202210260954/tools/bin/../lib/gcc/arm-none-eabi/10.3.1/thumb/v7-m/nofp/crtn.o
 *(.fini)
 .fini          0x0000000008005cf0        0x4 e:/stm32cubeide_1.11.0/stm32cubeide/plugins/com.st.stm32cube.ide.mcu.externaltools.gnu-tools-for-stm32.10.3-2021.10.win32_1.0.100.202210260954/tools/bin/../lib/gcc/arm-none-eabi/10.3.1/thumb/v7-m/nofp/crti.o
                0x0000000008005cf0                _fini
 .fini          0x0000000008005cf4        0x8 e:/stm32cubeide_1.11.0/stm32cubeide/plugins/com.st.stm32cube.ide.mcu.externaltools.gnu-tools-for-stm32.10.3-2021.10.win32_1.0.100.202210260954/tools/bin/../lib/gcc/arm-none-eabi/10.3.1/thumb/v7-m/nofp/crtn.o
                0x0000000008005cfc                . = ALIGN (0x4)
                0x0000000008005cfc                _etext = .

.vfp11_veneer   0x0000000008005cfc        0x0
 .vfp11_veneer  0x0000000008005cfc        0x0 linker stubs

.v4_bx          0x0000000008005cfc        0x0
 .v4_bx         0x0000000008005cfc        0x0 linker stubs

.iplt           0x0000000008005cfc        0x0
 .iplt          0x0000000008005cfc        0x0 e:/stm32cubeide_1.11.0/stm32cubeide/plugins/com.st.stm32cube.ide.mcu.externaltools.gnu-tools-for-stm32.10.3-2021.10.win32_1.0.100.202210260954/tools/bin/../lib/gcc/arm-none-eabi/10.3.1/thumb/v7-m/nofp/crtbegin.o

.rodata         0x0000000008005d00       0xe8
                0x0000000008005d00                . = ALIGN (0x4)
 *(.rodata)
 .rodata        0x0000000008005d00        0xa ./Core/Src/main.o
 *fill*         0x0000000008005d0a        0x2 
 .rodata        0x0000000008005d0c        0x8 ./Core/Src/w5500_interface.o
 *(.rodata*)
 .rodata.AHBPrescTable
                0x0000000008005d14       0x10 ./Core/Src/system_stm32f1xx.o
                0x0000000008005d14                AHBPrescTable
 .rodata.APBPrescTable
                0x0000000008005d24        0x8 ./Core/Src/system_stm32f1xx.o
                0x0000000008005d24                APBPrescTable
 .rodata.aPLLMULFactorTable.1
                0x0000000008005d2c       0x10 ./Drivers/STM32F1xx_HAL_Driver/Src/stm32f1xx_hal_rcc.o
 .rodata.aPredivFactorTable.0
                0x0000000008005d3c        0x2 ./Drivers/STM32F1xx_HAL_Driver/Src/stm32f1xx_hal_rcc.o
 .rodata._svfprintf_r.str1.1
                0x0000000008005d3e       0x11 e:/stm32cubeide_1.11.0/stm32cubeide/plugins/com.st.stm32cube.ide.mcu.externaltools.gnu-tools-for-stm32.10.3-2021.10.win32_1.0.100.202210260954/tools/bin/../lib/gcc/arm-none-eabi/10.3.1/../../../../arm-none-eabi/lib/thumb/v7-m/nofp\libc_nano.a(lib_a-nano-svfprintf.o)
 .rodata._printf_i.str1.1
                0x0000000008005d4f       0x22 e:/stm32cubeide_1.11.0/stm32cubeide/plugins/com.st.stm32cube.ide.mcu.externaltools.gnu-tools-for-stm32.10.3-2021.10.win32_1.0.100.202210260954/tools/bin/../lib/gcc/arm-none-eabi/10.3.1/../../../../arm-none-eabi/lib/thumb/v7-m/nofp\libc_nano.a(lib_a-nano-vfprintf_i.o)
 *fill*         0x0000000008005d71        0x7 
 .rodata.CSWTCH.8
                0x0000000008005d78       0x18 e:/stm32cubeide_1.11.0/stm32cubeide/plugins/com.st.stm32cube.ide.mcu.externaltools.gnu-tools-for-stm32.10.3-2021.10.win32_1.0.100.202210260954/tools/bin/../lib/gcc/arm-none-eabi/10.3.1/../../../../arm-none-eabi/lib/thumb/v7-m/nofp\libm.a(lib_a-e_atan2.o)
 .rodata.CSWTCH.9
                0x0000000008005d90       0x18 e:/stm32cubeide_1.11.0/stm32cubeide/plugins/com.st.stm32cube.ide.mcu.externaltools.gnu-tools-for-stm32.10.3-2021.10.win32_1.0.100.202210260954/tools/bin/../lib/gcc/arm-none-eabi/10.3.1/../../../../arm-none-eabi/lib/thumb/v7-m/nofp\libm.a(lib_a-e_atan2.o)
 .rodata.atanhi
                0x0000000008005da8       0x20 e:/stm32cubeide_1.11.0/stm32cubeide/plugins/com.st.stm32cube.ide.mcu.externaltools.gnu-tools-for-stm32.10.3-2021.10.win32_1.0.100.202210260954/tools/bin/../lib/gcc/arm-none-eabi/10.3.1/../../../../arm-none-eabi/lib/thumb/v7-m/nofp\libm.a(lib_a-s_atan.o)
 .rodata.atanlo
                0x0000000008005dc8       0x20 e:/stm32cubeide_1.11.0/stm32cubeide/plugins/com.st.stm32cube.ide.mcu.externaltools.gnu-tools-for-stm32.10.3-2021.10.win32_1.0.100.202210260954/tools/bin/../lib/gcc/arm-none-eabi/10.3.1/../../../../arm-none-eabi/lib/thumb/v7-m/nofp\libm.a(lib_a-s_atan.o)
                0x0000000008005de8                . = ALIGN (0x4)

.rel.dyn        0x0000000008005de8        0x0
 .rel.iplt      0x0000000008005de8        0x0 e:/stm32cubeide_1.11.0/stm32cubeide/plugins/com.st.stm32cube.ide.mcu.externaltools.gnu-tools-for-stm32.10.3-2021.10.win32_1.0.100.202210260954/tools/bin/../lib/gcc/arm-none-eabi/10.3.1/thumb/v7-m/nofp/crtbegin.o

.ARM.extab      0x0000000008005de8        0x0
                0x0000000008005de8                . = ALIGN (0x4)
 *(.ARM.extab* .gnu.linkonce.armextab.*)
                0x0000000008005de8                . = ALIGN (0x4)

.ARM            0x0000000008005de8        0x0
                0x0000000008005de8                . = ALIGN (0x4)
                0x0000000008005de8                __exidx_start = .
 *(.ARM.exidx*)
                0x0000000008005de8                __exidx_end = .
                0x0000000008005de8                . = ALIGN (0x4)

.preinit_array  0x0000000008005de8        0x0
                0x0000000008005de8                . = ALIGN (0x4)
                0x0000000008005de8                PROVIDE (__preinit_array_start = .)
 *(.preinit_array*)
                0x0000000008005de8                PROVIDE (__preinit_array_end = .)
                0x0000000008005de8                . = ALIGN (0x4)

.init_array     0x0000000008005de8        0x4
                0x0000000008005de8                . = ALIGN (0x4)
                0x0000000008005de8                PROVIDE (__init_array_start = .)
 *(SORT_BY_NAME(.init_array.*))
 *(.init_array*)
 .init_array    0x0000000008005de8        0x4 e:/stm32cubeide_1.11.0/stm32cubeide/plugins/com.st.stm32cube.ide.mcu.externaltools.gnu-tools-for-stm32.10.3-2021.10.win32_1.0.100.202210260954/tools/bin/../lib/gcc/arm-none-eabi/10.3.1/thumb/v7-m/nofp/crtbegin.o
                0x0000000008005dec                PROVIDE (__init_array_end = .)
                0x0000000008005dec                . = ALIGN (0x4)

.fini_array     0x0000000008005dec        0x4
                0x0000000008005dec                . = ALIGN (0x4)
                [!provide]                        PROVIDE (__fini_array_start = .)
 *(SORT_BY_NAME(.fini_array.*))
 *(.fini_array*)
 .fini_array    0x0000000008005dec        0x4 e:/stm32cubeide_1.11.0/stm32cubeide/plugins/com.st.stm32cube.ide.mcu.externaltools.gnu-tools-for-stm32.10.3-2021.10.win32_1.0.100.202210260954/tools/bin/../lib/gcc/arm-none-eabi/10.3.1/thumb/v7-m/nofp/crtbegin.o
                [!provide]                        PROVIDE (__fini_array_end = .)
                0x0000000008005df0                . = ALIGN (0x4)
                0x0000000008005df0                _sidata = LOADADDR (.data)

.data           0x0000000020000000       0xa0 load address 0x0000000008005df0
                0x0000000020000000                . = ALIGN (0x4)
                0x0000000020000000                _sdata = .
 *(.data)
 *(.data*)
 .data.sock_any_port
                0x0000000020000000        0x2 ./Core/Src/socket.o
 *fill*         0x0000000020000002        0x2 
 .data.SystemCoreClock
                0x0000000020000004        0x4 ./Core/Src/system_stm32f1xx.o
                0x0000000020000004                SystemCoreClock
 .data.WIZCHIP  0x0000000020000008       0x2c ./Core/Src/wizchip_conf.o
                0x0000000020000008                WIZCHIP
 .data.uwTickPrio
                0x0000000020000034        0x4 ./Drivers/STM32F1xx_HAL_Driver/Src/stm32f1xx_hal.o
                0x0000000020000034                uwTickPrio
 .data.uwTickFreq
                0x0000000020000038        0x1 ./Drivers/STM32F1xx_HAL_Driver/Src/stm32f1xx_hal.o
                0x0000000020000038                uwTickFreq
 *fill*         0x0000000020000039        0x3 
 .data._impure_ptr
                0x000000002000003c        0x4 e:/stm32cubeide_1.11.0/stm32cubeide/plugins/com.st.stm32cube.ide.mcu.externaltools.gnu-tools-for-stm32.10.3-2021.10.win32_1.0.100.202210260954/tools/bin/../lib/gcc/arm-none-eabi/10.3.1/../../../../arm-none-eabi/lib/thumb/v7-m/nofp\libc_nano.a(lib_a-impure.o)
                0x000000002000003c                _impure_ptr
 .data.impure_data
                0x0000000020000040       0x60 e:/stm32cubeide_1.11.0/stm32cubeide/plugins/com.st.stm32cube.ide.mcu.externaltools.gnu-tools-for-stm32.10.3-2021.10.win32_1.0.100.202210260954/tools/bin/../lib/gcc/arm-none-eabi/10.3.1/../../../../arm-none-eabi/lib/thumb/v7-m/nofp\libc_nano.a(lib_a-impure.o)
 *(.RamFunc)
 *(.RamFunc*)
                0x00000000200000a0                . = ALIGN (0x4)
                0x00000000200000a0                _edata = .

.igot.plt       0x00000000200000a0        0x0 load address 0x0000000008005e90
 .igot.plt      0x00000000200000a0        0x0 e:/stm32cubeide_1.11.0/stm32cubeide/plugins/com.st.stm32cube.ide.mcu.externaltools.gnu-tools-for-stm32.10.3-2021.10.win32_1.0.100.202210260954/tools/bin/../lib/gcc/arm-none-eabi/10.3.1/thumb/v7-m/nofp/crtbegin.o
                0x00000000200000a0                . = ALIGN (0x4)

.bss            0x00000000200000a0      0x134 load address 0x0000000008005e90
                0x00000000200000a0                _sbss = .
                0x00000000200000a0                __bss_start__ = _sbss
 *(.bss)
 .bss           0x00000000200000a0       0x1c e:/stm32cubeide_1.11.0/stm32cubeide/plugins/com.st.stm32cube.ide.mcu.externaltools.gnu-tools-for-stm32.10.3-2021.10.win32_1.0.100.202210260954/tools/bin/../lib/gcc/arm-none-eabi/10.3.1/thumb/v7-m/nofp/crtbegin.o
 *(.bss*)
 .bss.MPU6050_rx
                0x00000000200000bc        0x1 ./Core/Src/MPU6050.o
                0x00000000200000bc                MPU6050_rx
 *fill*         0x00000000200000bd        0x3 
 .bss.MPU6050_rx_buf
                0x00000000200000c0        0x6 ./Core/Src/MPU6050.o
                0x00000000200000c0                MPU6050_rx_buf
 .bss.MPU6050_tx
                0x00000000200000c6        0x1 ./Core/Src/MPU6050.o
                0x00000000200000c6                MPU6050_tx
 *fill*         0x00000000200000c7        0x1 
 .bss.hi2c2     0x00000000200000c8       0x54 ./Core/Src/main.o
                0x00000000200000c8                hi2c2
 .bss.hspi1     0x000000002000011c       0x58 ./Core/Src/main.o
                0x000000002000011c                hspi1
 .bss.heading.1
                0x0000000020000174        0x2 ./Core/Src/main.o
 *fill*         0x0000000020000176        0x2 
 .bss.str.0     0x0000000020000178       0x1e ./Core/Src/main.o
 .bss.sock_io_mode
                0x0000000020000196        0x2 ./Core/Src/socket.o
 .bss.sock_is_sending
                0x0000000020000198        0x2 ./Core/Src/socket.o
 *fill*         0x000000002000019a        0x2 
 .bss.sock_remained_size
                0x000000002000019c       0x10 ./Core/Src/socket.o
 .bss.sock_pack_info
                0x00000000200001ac        0x8 ./Core/Src/socket.o
                0x00000000200001ac                sock_pack_info
 .bss.__sbrk_heap_end
                0x00000000200001b4        0x4 ./Core/Src/sysmem.o
 .bss._DNS_     0x00000000200001b8        0x4 ./Core/Src/wizchip_conf.o
 .bss._DHCP_    0x00000000200001bc        0x1 ./Core/Src/wizchip_conf.o
 *fill*         0x00000000200001bd        0x3 
 .bss.uwTick    0x00000000200001c0        0x4 ./Drivers/STM32F1xx_HAL_Driver/Src/stm32f1xx_hal.o
                0x00000000200001c0                uwTick
 .bss.__malloc_free_list
                0x00000000200001c4        0x4 e:/stm32cubeide_1.11.0/stm32cubeide/plugins/com.st.stm32cube.ide.mcu.externaltools.gnu-tools-for-stm32.10.3-2021.10.win32_1.0.100.202210260954/tools/bin/../lib/gcc/arm-none-eabi/10.3.1/../../../../arm-none-eabi/lib/thumb/v7-m/nofp\libc_nano.a(lib_a-nano-mallocr.o)
                0x00000000200001c4                __malloc_free_list
 .bss.__malloc_sbrk_start
                0x00000000200001c8        0x4 e:/stm32cubeide_1.11.0/stm32cubeide/plugins/com.st.stm32cube.ide.mcu.externaltools.gnu-tools-for-stm32.10.3-2021.10.win32_1.0.100.202210260954/tools/bin/../lib/gcc/arm-none-eabi/10.3.1/../../../../arm-none-eabi/lib/thumb/v7-m/nofp\libc_nano.a(lib_a-nano-mallocr.o)
                0x00000000200001c8                __malloc_sbrk_start
 .bss.errno     0x00000000200001cc        0x4 e:/stm32cubeide_1.11.0/stm32cubeide/plugins/com.st.stm32cube.ide.mcu.externaltools.gnu-tools-for-stm32.10.3-2021.10.win32_1.0.100.202210260954/tools/bin/../lib/gcc/arm-none-eabi/10.3.1/../../../../arm-none-eabi/lib/thumb/v7-m/nofp\libc_nano.a(lib_a-reent.o)
                0x00000000200001cc                errno
 .bss.__lock___malloc_recursive_mutex
                0x00000000200001d0        0x1 e:/stm32cubeide_1.11.0/stm32cubeide/plugins/com.st.stm32cube.ide.mcu.externaltools.gnu-tools-for-stm32.10.3-2021.10.win32_1.0.100.202210260954/tools/bin/../lib/gcc/arm-none-eabi/10.3.1/../../../../arm-none-eabi/lib/thumb/v7-m/nofp\libc_nano.a(lib_a-lock.o)
                0x00000000200001d0                __lock___malloc_recursive_mutex
 *(COMMON)
                0x00000000200001d4                . = ALIGN (0x4)
 *fill*         0x00000000200001d1        0x3 
                0x00000000200001d4                _ebss = .
                0x00000000200001d4                __bss_end__ = _ebss

._user_heap_stack
                0x00000000200001d4      0x604 load address 0x0000000008005e90
                0x00000000200001d8                . = ALIGN (0x8)
 *fill*         0x00000000200001d4        0x4 
                [!provide]                        PROVIDE (end = .)
                0x00000000200001d8                PROVIDE (_end = .)
                0x00000000200003d8                . = (. + _Min_Heap_Size)
 *fill*         0x00000000200001d8      0x200 
                0x00000000200007d8                . = (. + _Min_Stack_Size)
 *fill*         0x00000000200003d8      0x400 
                0x00000000200007d8                . = ALIGN (0x8)

/DISCARD/
 libc.a(*)
 libm.a(*)
 libgcc.a(*)

.ARM.attributes
                0x0000000000000000       0x29
 *(.ARM.attributes)
 .ARM.attributes
                0x0000000000000000       0x1d e:/stm32cubeide_1.11.0/stm32cubeide/plugins/com.st.stm32cube.ide.mcu.externaltools.gnu-tools-for-stm32.10.3-2021.10.win32_1.0.100.202210260954/tools/bin/../lib/gcc/arm-none-eabi/10.3.1/thumb/v7-m/nofp/crti.o
 .ARM.attributes
                0x000000000000001d       0x2d e:/stm32cubeide_1.11.0/stm32cubeide/plugins/com.st.stm32cube.ide.mcu.externaltools.gnu-tools-for-stm32.10.3-2021.10.win32_1.0.100.202210260954/tools/bin/../lib/gcc/arm-none-eabi/10.3.1/thumb/v7-m/nofp/crtbegin.o
 .ARM.attributes
                0x000000000000004a       0x2d ./Core/Src/MPU6050.o
 .ARM.attributes
                0x0000000000000077       0x2d ./Core/Src/main.o
 .ARM.attributes
                0x00000000000000a4       0x2d ./Core/Src/socket.o
 .ARM.attributes
                0x00000000000000d1       0x2d ./Core/Src/stm32f1xx_hal_msp.o
 .ARM.attributes
                0x00000000000000fe       0x2d ./Core/Src/stm32f1xx_it.o
 .ARM.attributes
                0x000000000000012b       0x2d ./Core/Src/sysmem.o
 .ARM.attributes
                0x0000000000000158       0x2d ./Core/Src/system_stm32f1xx.o
 .ARM.attributes
                0x0000000000000185       0x2d ./Core/Src/w5500.o
 .ARM.attributes
                0x00000000000001b2       0x2d ./Core/Src/w5500_interface.o
 .ARM.attributes
                0x00000000000001df       0x2d ./Core/Src/wizchip_conf.o
 .ARM.attributes
                0x000000000000020c       0x21 ./Core/Startup/startup_stm32f103c8tx.o
 .ARM.attributes
                0x000000000000022d       0x2d ./Drivers/STM32F1xx_HAL_Driver/Src/stm32f1xx_hal.o
 .ARM.attributes
                0x000000000000025a       0x2d ./Drivers/STM32F1xx_HAL_Driver/Src/stm32f1xx_hal_cortex.o
 .ARM.attributes
                0x0000000000000287       0x2d ./Drivers/STM32F1xx_HAL_Driver/Src/stm32f1xx_hal_dma.o
 .ARM.attributes
                0x00000000000002b4       0x2d ./Drivers/STM32F1xx_HAL_Driver/Src/stm32f1xx_hal_gpio.o
 .ARM.attributes
                0x00000000000002e1       0x2d ./Drivers/STM32F1xx_HAL_Driver/Src/stm32f1xx_hal_i2c.o
 .ARM.attributes
                0x000000000000030e       0x2d ./Drivers/STM32F1xx_HAL_Driver/Src/stm32f1xx_hal_rcc.o
 .ARM.attributes
                0x000000000000033b       0x2d ./Drivers/STM32F1xx_HAL_Driver/Src/stm32f1xx_hal_spi.o
 .ARM.attributes
                0x0000000000000368       0x2d e:/stm32cubeide_1.11.0/stm32cubeide/plugins/com.st.stm32cube.ide.mcu.externaltools.gnu-tools-for-stm32.10.3-2021.10.win32_1.0.100.202210260954/tools/bin/../lib/gcc/arm-none-eabi/10.3.1/../../../../arm-none-eabi/lib/thumb/v7-m/nofp\libc_nano.a(lib_a-errno.o)
 .ARM.attributes
                0x0000000000000395       0x2d e:/stm32cubeide_1.11.0/stm32cubeide/plugins/com.st.stm32cube.ide.mcu.externaltools.gnu-tools-for-stm32.10.3-2021.10.win32_1.0.100.202210260954/tools/bin/../lib/gcc/arm-none-eabi/10.3.1/../../../../arm-none-eabi/lib/thumb/v7-m/nofp\libc_nano.a(lib_a-impure.o)
 .ARM.attributes
                0x00000000000003c2       0x2d e:/stm32cubeide_1.11.0/stm32cubeide/plugins/com.st.stm32cube.ide.mcu.externaltools.gnu-tools-for-stm32.10.3-2021.10.win32_1.0.100.202210260954/tools/bin/../lib/gcc/arm-none-eabi/10.3.1/../../../../arm-none-eabi/lib/thumb/v7-m/nofp\libc_nano.a(lib_a-init.o)
 .ARM.attributes
                0x00000000000003ef       0x2d e:/stm32cubeide_1.11.0/stm32cubeide/plugins/com.st.stm32cube.ide.mcu.externaltools.gnu-tools-for-stm32.10.3-2021.10.win32_1.0.100.202210260954/tools/bin/../lib/gcc/arm-none-eabi/10.3.1/../../../../arm-none-eabi/lib/thumb/v7-m/nofp\libc_nano.a(lib_a-memset.o)
 .ARM.attributes
                0x000000000000041c       0x2d e:/stm32cubeide_1.11.0/stm32cubeide/plugins/com.st.stm32cube.ide.mcu.externaltools.gnu-tools-for-stm32.10.3-2021.10.win32_1.0.100.202210260954/tools/bin/../lib/gcc/arm-none-eabi/10.3.1/../../../../arm-none-eabi/lib/thumb/v7-m/nofp\libc_nano.a(lib_a-sprintf.o)
 .ARM.attributes
                0x0000000000000449       0x17 e:/stm32cubeide_1.11.0/stm32cubeide/plugins/com.st.stm32cube.ide.mcu.externaltools.gnu-tools-for-stm32.10.3-2021.10.win32_1.0.100.202210260954/tools/bin/../lib/gcc/arm-none-eabi/10.3.1/../../../../arm-none-eabi/lib/thumb/v7-m/nofp\libc_nano.a(lib_a-strlen.o)
 .ARM.attributes
                0x0000000000000460       0x2d e:/stm32cubeide_1.11.0/stm32cubeide/plugins/com.st.stm32cube.ide.mcu.externaltools.gnu-tools-for-stm32.10.3-2021.10.win32_1.0.100.202210260954/tools/bin/../lib/gcc/arm-none-eabi/10.3.1/../../../../arm-none-eabi/lib/thumb/v7-m/nofp\libc_nano.a(lib_a-nano-svfprintf.o)
 .ARM.attributes
                0x000000000000048d       0x2d e:/stm32cubeide_1.11.0/stm32cubeide/plugins/com.st.stm32cube.ide.mcu.externaltools.gnu-tools-for-stm32.10.3-2021.10.win32_1.0.100.202210260954/tools/bin/../lib/gcc/arm-none-eabi/10.3.1/../../../../arm-none-eabi/lib/thumb/v7-m/nofp\libc_nano.a(lib_a-nano-vfprintf_i.o)
 .ARM.attributes
                0x00000000000004ba       0x2d e:/stm32cubeide_1.11.0/stm32cubeide/plugins/com.st.stm32cube.ide.mcu.externaltools.gnu-tools-for-stm32.10.3-2021.10.win32_1.0.100.202210260954/tools/bin/../lib/gcc/arm-none-eabi/10.3.1/../../../../arm-none-eabi/lib/thumb/v7-m/nofp\libc_nano.a(lib_a-memchr-stub.o)
 .ARM.attributes
                0x00000000000004e7       0x2d e:/stm32cubeide_1.11.0/stm32cubeide/plugins/com.st.stm32cube.ide.mcu.externaltools.gnu-tools-for-stm32.10.3-2021.10.win32_1.0.100.202210260954/tools/bin/../lib/gcc/arm-none-eabi/10.3.1/../../../../arm-none-eabi/lib/thumb/v7-m/nofp\libc_nano.a(lib_a-memcpy-stub.o)
 .ARM.attributes
                0x0000000000000514       0x2d e:/stm32cubeide_1.11.0/stm32cubeide/plugins/com.st.stm32cube.ide.mcu.externaltools.gnu-tools-for-stm32.10.3-2021.10.win32_1.0.100.202210260954/tools/bin/../lib/gcc/arm-none-eabi/10.3.1/../../../../arm-none-eabi/lib/thumb/v7-m/nofp\libc_nano.a(lib_a-memmove.o)
 .ARM.attributes
                0x0000000000000541       0x2d e:/stm32cubeide_1.11.0/stm32cubeide/plugins/com.st.stm32cube.ide.mcu.externaltools.gnu-tools-for-stm32.10.3-2021.10.win32_1.0.100.202210260954/tools/bin/../lib/gcc/arm-none-eabi/10.3.1/../../../../arm-none-eabi/lib/thumb/v7-m/nofp\libc_nano.a(lib_a-nano-freer.o)
 .ARM.attributes
                0x000000000000056e       0x2d e:/stm32cubeide_1.11.0/stm32cubeide/plugins/com.st.stm32cube.ide.mcu.externaltools.gnu-tools-for-stm32.10.3-2021.10.win32_1.0.100.202210260954/tools/bin/../lib/gcc/arm-none-eabi/10.3.1/../../../../arm-none-eabi/lib/thumb/v7-m/nofp\libc_nano.a(lib_a-nano-mallocr.o)
 .ARM.attributes
                0x000000000000059b       0x2d e:/stm32cubeide_1.11.0/stm32cubeide/plugins/com.st.stm32cube.ide.mcu.externaltools.gnu-tools-for-stm32.10.3-2021.10.win32_1.0.100.202210260954/tools/bin/../lib/gcc/arm-none-eabi/10.3.1/../../../../arm-none-eabi/lib/thumb/v7-m/nofp\libc_nano.a(lib_a-nano-reallocr.o)
 .ARM.attributes
                0x00000000000005c8       0x2d e:/stm32cubeide_1.11.0/stm32cubeide/plugins/com.st.stm32cube.ide.mcu.externaltools.gnu-tools-for-stm32.10.3-2021.10.win32_1.0.100.202210260954/tools/bin/../lib/gcc/arm-none-eabi/10.3.1/../../../../arm-none-eabi/lib/thumb/v7-m/nofp\libc_nano.a(lib_a-sbrkr.o)
 .ARM.attributes
                0x00000000000005f5       0x2d e:/stm32cubeide_1.11.0/stm32cubeide/plugins/com.st.stm32cube.ide.mcu.externaltools.gnu-tools-for-stm32.10.3-2021.10.win32_1.0.100.202210260954/tools/bin/../lib/gcc/arm-none-eabi/10.3.1/../../../../arm-none-eabi/lib/thumb/v7-m/nofp\libc_nano.a(lib_a-mlock.o)
 .ARM.attributes
                0x0000000000000622       0x2d e:/stm32cubeide_1.11.0/stm32cubeide/plugins/com.st.stm32cube.ide.mcu.externaltools.gnu-tools-for-stm32.10.3-2021.10.win32_1.0.100.202210260954/tools/bin/../lib/gcc/arm-none-eabi/10.3.1/../../../../arm-none-eabi/lib/thumb/v7-m/nofp\libc_nano.a(lib_a-nano-msizer.o)
 .ARM.attributes
                0x000000000000064f       0x2d e:/stm32cubeide_1.11.0/stm32cubeide/plugins/com.st.stm32cube.ide.mcu.externaltools.gnu-tools-for-stm32.10.3-2021.10.win32_1.0.100.202210260954/tools/bin/../lib/gcc/arm-none-eabi/10.3.1/../../../../arm-none-eabi/lib/thumb/v7-m/nofp\libc_nano.a(lib_a-reent.o)
 .ARM.attributes
                0x000000000000067c       0x2d e:/stm32cubeide_1.11.0/stm32cubeide/plugins/com.st.stm32cube.ide.mcu.externaltools.gnu-tools-for-stm32.10.3-2021.10.win32_1.0.100.202210260954/tools/bin/../lib/gcc/arm-none-eabi/10.3.1/../../../../arm-none-eabi/lib/thumb/v7-m/nofp\libc_nano.a(lib_a-lock.o)
 .ARM.attributes
                0x00000000000006a9       0x2d e:/stm32cubeide_1.11.0/stm32cubeide/plugins/com.st.stm32cube.ide.mcu.externaltools.gnu-tools-for-stm32.10.3-2021.10.win32_1.0.100.202210260954/tools/bin/../lib/gcc/arm-none-eabi/10.3.1/../../../../arm-none-eabi/lib/thumb/v7-m/nofp\libm.a(lib_a-w_atan2.o)
 .ARM.attributes
                0x00000000000006d6       0x2d e:/stm32cubeide_1.11.0/stm32cubeide/plugins/com.st.stm32cube.ide.mcu.externaltools.gnu-tools-for-stm32.10.3-2021.10.win32_1.0.100.202210260954/tools/bin/../lib/gcc/arm-none-eabi/10.3.1/../../../../arm-none-eabi/lib/thumb/v7-m/nofp\libm.a(lib_a-e_atan2.o)
 .ARM.attributes
                0x0000000000000703       0x2d e:/stm32cubeide_1.11.0/stm32cubeide/plugins/com.st.stm32cube.ide.mcu.externaltools.gnu-tools-for-stm32.10.3-2021.10.win32_1.0.100.202210260954/tools/bin/../lib/gcc/arm-none-eabi/10.3.1/../../../../arm-none-eabi/lib/thumb/v7-m/nofp\libm.a(lib_a-s_atan.o)
 .ARM.attributes
                0x0000000000000730       0x2d e:/stm32cubeide_1.11.0/stm32cubeide/plugins/com.st.stm32cube.ide.mcu.externaltools.gnu-tools-for-stm32.10.3-2021.10.win32_1.0.100.202210260954/tools/bin/../lib/gcc/arm-none-eabi/10.3.1/../../../../arm-none-eabi/lib/thumb/v7-m/nofp\libm.a(lib_a-s_fabs.o)
 .ARM.attributes
                0x000000000000075d       0x1d e:/stm32cubeide_1.11.0/stm32cubeide/plugins/com.st.stm32cube.ide.mcu.externaltools.gnu-tools-for-stm32.10.3-2021.10.win32_1.0.100.202210260954/tools/bin/../lib/gcc/arm-none-eabi/10.3.1/thumb/v7-m/nofp\libgcc.a(_arm_addsubdf3.o)
 .ARM.attributes
                0x000000000000077a       0x1d e:/stm32cubeide_1.11.0/stm32cubeide/plugins/com.st.stm32cube.ide.mcu.externaltools.gnu-tools-for-stm32.10.3-2021.10.win32_1.0.100.202210260954/tools/bin/../lib/gcc/arm-none-eabi/10.3.1/thumb/v7-m/nofp\libgcc.a(_arm_muldivdf3.o)
 .ARM.attributes
                0x0000000000000797       0x1d e:/stm32cubeide_1.11.0/stm32cubeide/plugins/com.st.stm32cube.ide.mcu.externaltools.gnu-tools-for-stm32.10.3-2021.10.win32_1.0.100.202210260954/tools/bin/../lib/gcc/arm-none-eabi/10.3.1/thumb/v7-m/nofp\libgcc.a(_arm_cmpdf2.o)
 .ARM.attributes
                0x00000000000007b4       0x1d e:/stm32cubeide_1.11.0/stm32cubeide/plugins/com.st.stm32cube.ide.mcu.externaltools.gnu-tools-for-stm32.10.3-2021.10.win32_1.0.100.202210260954/tools/bin/../lib/gcc/arm-none-eabi/10.3.1/thumb/v7-m/nofp\libgcc.a(_arm_fixunsdfsi.o)
 .ARM.attributes
                0x00000000000007d1       0x1d e:/stm32cubeide_1.11.0/stm32cubeide/plugins/com.st.stm32cube.ide.mcu.externaltools.gnu-tools-for-stm32.10.3-2021.10.win32_1.0.100.202210260954/tools/bin/../lib/gcc/arm-none-eabi/10.3.1/thumb/v7-m/nofp/crtn.o
OUTPUT(IMU.elf elf32-littlearm)
LOAD linker stubs
LOAD e:/stm32cubeide_1.11.0/stm32cubeide/plugins/com.st.stm32cube.ide.mcu.externaltools.gnu-tools-for-stm32.10.3-2021.10.win32_1.0.100.202210260954/tools/bin/../lib/gcc/arm-none-eabi/10.3.1/../../../../arm-none-eabi/lib/thumb/v7-m/nofp\libc.a
LOAD e:/stm32cubeide_1.11.0/stm32cubeide/plugins/com.st.stm32cube.ide.mcu.externaltools.gnu-tools-for-stm32.10.3-2021.10.win32_1.0.100.202210260954/tools/bin/../lib/gcc/arm-none-eabi/10.3.1/../../../../arm-none-eabi/lib/thumb/v7-m/nofp\libm.a
LOAD e:/stm32cubeide_1.11.0/stm32cubeide/plugins/com.st.stm32cube.ide.mcu.externaltools.gnu-tools-for-stm32.10.3-2021.10.win32_1.0.100.202210260954/tools/bin/../lib/gcc/arm-none-eabi/10.3.1/thumb/v7-m/nofp\libgcc.a

.debug_info     0x0000000000000000     0xb943
 .debug_info    0x0000000000000000      0x8d2 ./Core/Src/MPU6050.o
 .debug_info    0x00000000000008d2      0xf6b ./Core/Src/main.o
 .debug_info    0x000000000000183d      0x78a ./Core/Src/socket.o
 .debug_info    0x0000000000001fc7      0xccd ./Core/Src/stm32f1xx_hal_msp.o
 .debug_info    0x0000000000002c94      0x65b ./Core/Src/stm32f1xx_it.o
 .debug_info    0x00000000000032ef      0x171 ./Core/Src/sysmem.o
 .debug_info    0x0000000000003460      0x23d ./Core/Src/system_stm32f1xx.o
 .debug_info    0x000000000000369d      0x586 ./Core/Src/w5500.o
 .debug_info    0x0000000000003c23      0x9f8 ./Core/Src/w5500_interface.o
 .debug_info    0x000000000000461b      0xd36 ./Core/Src/wizchip_conf.o
 .debug_info    0x0000000000005351       0x22 ./Core/Startup/startup_stm32f103c8tx.o
 .debug_info    0x0000000000005373      0x734 ./Drivers/STM32F1xx_HAL_Driver/Src/stm32f1xx_hal.o
 .debug_info    0x0000000000005aa7      0xb20 ./Drivers/STM32F1xx_HAL_Driver/Src/stm32f1xx_hal_cortex.o
 .debug_info    0x00000000000065c7      0x744 ./Drivers/STM32F1xx_HAL_Driver/Src/stm32f1xx_hal_dma.o
 .debug_info    0x0000000000006d0b      0x615 ./Drivers/STM32F1xx_HAL_Driver/Src/stm32f1xx_hal_gpio.o
 .debug_info    0x0000000000007320     0x2761 ./Drivers/STM32F1xx_HAL_Driver/Src/stm32f1xx_hal_i2c.o
 .debug_info    0x0000000000009a81      0x865 ./Drivers/STM32F1xx_HAL_Driver/Src/stm32f1xx_hal_rcc.o
 .debug_info    0x000000000000a2e6     0x165d ./Drivers/STM32F1xx_HAL_Driver/Src/stm32f1xx_hal_spi.o

.debug_abbrev   0x0000000000000000     0x22db
 .debug_abbrev  0x0000000000000000      0x1d0 ./Core/Src/MPU6050.o
 .debug_abbrev  0x00000000000001d0      0x2a3 ./Core/Src/main.o
 .debug_abbrev  0x0000000000000473      0x1ae ./Core/Src/socket.o
 .debug_abbrev  0x0000000000000621      0x1a0 ./Core/Src/stm32f1xx_hal_msp.o
 .debug_abbrev  0x00000000000007c1      0x170 ./Core/Src/stm32f1xx_it.o
 .debug_abbrev  0x0000000000000931       0xbb ./Core/Src/sysmem.o
 .debug_abbrev  0x00000000000009ec      0x13b ./Core/Src/system_stm32f1xx.o
 .debug_abbrev  0x0000000000000b27      0x211 ./Core/Src/w5500.o
 .debug_abbrev  0x0000000000000d38      0x248 ./Core/Src/w5500_interface.o
 .debug_abbrev  0x0000000000000f80      0x30a ./Core/Src/wizchip_conf.o
 .debug_abbrev  0x000000000000128a       0x12 ./Core/Startup/startup_stm32f103c8tx.o
 .debug_abbrev  0x000000000000129c      0x1fb ./Drivers/STM32F1xx_HAL_Driver/Src/stm32f1xx_hal.o
 .debug_abbrev  0x0000000000001497      0x2ed ./Drivers/STM32F1xx_HAL_Driver/Src/stm32f1xx_hal_cortex.o
 .debug_abbrev  0x0000000000001784      0x1fe ./Drivers/STM32F1xx_HAL_Driver/Src/stm32f1xx_hal_dma.o
 .debug_abbrev  0x0000000000001982      0x1bb ./Drivers/STM32F1xx_HAL_Driver/Src/stm32f1xx_hal_gpio.o
 .debug_abbrev  0x0000000000001b3d      0x288 ./Drivers/STM32F1xx_HAL_Driver/Src/stm32f1xx_hal_i2c.o
 .debug_abbrev  0x0000000000001dc5      0x2a8 ./Drivers/STM32F1xx_HAL_Driver/Src/stm32f1xx_hal_rcc.o
 .debug_abbrev  0x000000000000206d      0x26e ./Drivers/STM32F1xx_HAL_Driver/Src/stm32f1xx_hal_spi.o

.debug_aranges  0x0000000000000000      0xbd8
 .debug_aranges
                0x0000000000000000       0x60 ./Core/Src/MPU6050.o
 .debug_aranges
                0x0000000000000060       0x48 ./Core/Src/main.o
 .debug_aranges
                0x00000000000000a8       0x78 ./Core/Src/socket.o
 .debug_aranges
                0x0000000000000120       0x40 ./Core/Src/stm32f1xx_hal_msp.o
 .debug_aranges
                0x0000000000000160       0x68 ./Core/Src/stm32f1xx_it.o
 .debug_aranges
                0x00000000000001c8       0x20 ./Core/Src/sysmem.o
 .debug_aranges
                0x00000000000001e8       0x28 ./Core/Src/system_stm32f1xx.o
 .debug_aranges
                0x0000000000000210       0x60 ./Core/Src/w5500.o
 .debug_aranges
                0x0000000000000270       0x48 ./Core/Src/w5500_interface.o
 .debug_aranges
                0x00000000000002b8      0x138 ./Core/Src/wizchip_conf.o
 .debug_aranges
                0x00000000000003f0       0x28 ./Core/Startup/startup_stm32f103c8tx.o
 .debug_aranges
                0x0000000000000418       0xe0 ./Drivers/STM32F1xx_HAL_Driver/Src/stm32f1xx_hal.o
 .debug_aranges
                0x00000000000004f8      0x100 ./Drivers/STM32F1xx_HAL_Driver/Src/stm32f1xx_hal_cortex.o
 .debug_aranges
                0x00000000000005f8       0x80 ./Drivers/STM32F1xx_HAL_Driver/Src/stm32f1xx_hal_dma.o
 .debug_aranges
                0x0000000000000678       0x58 ./Drivers/STM32F1xx_HAL_Driver/Src/stm32f1xx_hal_gpio.o
 .debug_aranges
                0x00000000000006d0      0x2a8 ./Drivers/STM32F1xx_HAL_Driver/Src/stm32f1xx_hal_i2c.o
 .debug_aranges
                0x0000000000000978       0x90 ./Drivers/STM32F1xx_HAL_Driver/Src/stm32f1xx_hal_rcc.o
 .debug_aranges
                0x0000000000000a08      0x1d0 ./Drivers/STM32F1xx_HAL_Driver/Src/stm32f1xx_hal_spi.o

.debug_ranges   0x0000000000000000      0xaf0
 .debug_ranges  0x0000000000000000       0x50 ./Core/Src/MPU6050.o
 .debug_ranges  0x0000000000000050       0x38 ./Core/Src/main.o
 .debug_ranges  0x0000000000000088       0x80 ./Core/Src/socket.o
 .debug_ranges  0x0000000000000108       0x30 ./Core/Src/stm32f1xx_hal_msp.o
 .debug_ranges  0x0000000000000138       0x58 ./Core/Src/stm32f1xx_it.o
 .debug_ranges  0x0000000000000190       0x10 ./Core/Src/sysmem.o
 .debug_ranges  0x00000000000001a0       0x18 ./Core/Src/system_stm32f1xx.o
 .debug_ranges  0x00000000000001b8       0x50 ./Core/Src/w5500.o
 .debug_ranges  0x0000000000000208       0x38 ./Core/Src/w5500_interface.o
 .debug_ranges  0x0000000000000240      0x128 ./Core/Src/wizchip_conf.o
 .debug_ranges  0x0000000000000368       0x20 ./Core/Startup/startup_stm32f103c8tx.o
 .debug_ranges  0x0000000000000388       0xd0 ./Drivers/STM32F1xx_HAL_Driver/Src/stm32f1xx_hal.o
 .debug_ranges  0x0000000000000458       0xf0 ./Drivers/STM32F1xx_HAL_Driver/Src/stm32f1xx_hal_cortex.o
 .debug_ranges  0x0000000000000548       0x70 ./Drivers/STM32F1xx_HAL_Driver/Src/stm32f1xx_hal_dma.o
 .debug_ranges  0x00000000000005b8       0x48 ./Drivers/STM32F1xx_HAL_Driver/Src/stm32f1xx_hal_gpio.o
 .debug_ranges  0x0000000000000600      0x2b0 ./Drivers/STM32F1xx_HAL_Driver/Src/stm32f1xx_hal_i2c.o
 .debug_ranges  0x00000000000008b0       0x80 ./Drivers/STM32F1xx_HAL_Driver/Src/stm32f1xx_hal_rcc.o
 .debug_ranges  0x0000000000000930      0x1c0 ./Drivers/STM32F1xx_HAL_Driver/Src/stm32f1xx_hal_spi.o

.debug_macro    0x0000000000000000    0x180c0
 .debug_macro   0x0000000000000000      0x29b ./Core/Src/MPU6050.o
 .debug_macro   0x000000000000029b      0xa6c ./Core/Src/MPU6050.o
 .debug_macro   0x0000000000000d07       0x22 ./Core/Src/MPU6050.o
 .debug_macro   0x0000000000000d29       0x4c ./Core/Src/MPU6050.o
 .debug_macro   0x0000000000000d75       0x18 ./Core/Src/MPU6050.o
 .debug_macro   0x0000000000000d8d       0x94 ./Core/Src/MPU6050.o
 .debug_macro   0x0000000000000e21       0x3c ./Core/Src/MPU6050.o
 .debug_macro   0x0000000000000e5d       0x34 ./Core/Src/MPU6050.o
 .debug_macro   0x0000000000000e91      0x174 ./Core/Src/MPU6050.o
 .debug_macro   0x0000000000001005       0x16 ./Core/Src/MPU6050.o
 .debug_macro   0x000000000000101b       0x43 ./Core/Src/MPU6050.o
 .debug_macro   0x000000000000105e       0x57 ./Core/Src/MPU6050.o
 .debug_macro   0x00000000000010b5       0x34 ./Core/Src/MPU6050.o
 .debug_macro   0x00000000000010e9       0x10 ./Core/Src/MPU6050.o
 .debug_macro   0x00000000000010f9       0x58 ./Core/Src/MPU6050.o
 .debug_macro   0x0000000000001151       0x71 ./Core/Src/MPU6050.o
 .debug_macro   0x00000000000011c2       0x1c ./Core/Src/MPU6050.o
 .debug_macro   0x00000000000011de      0x12a ./Core/Src/MPU6050.o
 .debug_macro   0x0000000000001308      0x341 ./Core/Src/MPU6050.o
 .debug_macro   0x0000000000001649      0x19b ./Core/Src/MPU6050.o
 .debug_macro   0x00000000000017e4      0x21b ./Core/Src/MPU6050.o
 .debug_macro   0x00000000000019ff       0x2e ./Core/Src/MPU6050.o
 .debug_macro   0x0000000000001a2d       0x22 ./Core/Src/MPU6050.o
 .debug_macro   0x0000000000001a4f      0x103 ./Core/Src/MPU6050.o
 .debug_macro   0x0000000000001b52       0x6a ./Core/Src/MPU6050.o
 .debug_macro   0x0000000000001bbc      0x1df ./Core/Src/MPU6050.o
 .debug_macro   0x0000000000001d9b       0x1c ./Core/Src/MPU6050.o
 .debug_macro   0x0000000000001db7       0x22 ./Core/Src/MPU6050.o
 .debug_macro   0x0000000000001dd9       0xbd ./Core/Src/MPU6050.o
 .debug_macro   0x0000000000001e96      0xd23 ./Core/Src/MPU6050.o
 .debug_macro   0x0000000000002bb9     0xe09e ./Core/Src/MPU6050.o
 .debug_macro   0x0000000000010c57       0x6d ./Core/Src/MPU6050.o
 .debug_macro   0x0000000000010cc4     0x348d ./Core/Src/MPU6050.o
 .debug_macro   0x0000000000014151       0x56 ./Core/Src/MPU6050.o
 .debug_macro   0x00000000000141a7      0x5bc ./Core/Src/MPU6050.o
 .debug_macro   0x0000000000014763      0x289 ./Core/Src/MPU6050.o
 .debug_macro   0x00000000000149ec      0x1cb ./Core/Src/MPU6050.o
 .debug_macro   0x0000000000014bb7      0x114 ./Core/Src/MPU6050.o
 .debug_macro   0x0000000000014ccb      0x1b2 ./Core/Src/MPU6050.o
 .debug_macro   0x0000000000014e7d       0x27 ./Core/Src/MPU6050.o
 .debug_macro   0x0000000000014ea4      0x136 ./Core/Src/MPU6050.o
 .debug_macro   0x0000000000014fda      0x1bc ./Core/Src/MPU6050.o
 .debug_macro   0x0000000000015196       0x34 ./Core/Src/MPU6050.o
 .debug_macro   0x00000000000151ca       0x3c ./Core/Src/MPU6050.o
 .debug_macro   0x0000000000015206       0x57 ./Core/Src/MPU6050.o
 .debug_macro   0x000000000001525d       0x87 ./Core/Src/MPU6050.o
 .debug_macro   0x00000000000152e4      0x240 ./Core/Src/MPU6050.o
 .debug_macro   0x0000000000015524      0x287 ./Core/Src/MPU6050.o
 .debug_macro   0x00000000000157ab      0x140 ./Core/Src/MPU6050.o
 .debug_macro   0x00000000000158eb      0x217 ./Core/Src/MPU6050.o
 .debug_macro   0x0000000000015b02       0x83 ./Core/Src/MPU6050.o
 .debug_macro   0x0000000000015b85       0x6c ./Core/Src/MPU6050.o
 .debug_macro   0x0000000000015bf1      0x5e7 ./Core/Src/MPU6050.o
 .debug_macro   0x00000000000161d8       0x66 ./Core/Src/MPU6050.o
 .debug_macro   0x000000000001623e       0xd8 ./Core/Src/MPU6050.o
 .debug_macro   0x0000000000016316       0xb8 ./Core/Src/MPU6050.o
 .debug_macro   0x00000000000163ce      0x202 ./Core/Src/main.o
 .debug_macro   0x00000000000165d0       0x8e ./Core/Src/main.o
 .debug_macro   0x000000000001665e       0x51 ./Core/Src/main.o
 .debug_macro   0x00000000000166af       0x5c ./Core/Src/main.o
 .debug_macro   0x000000000001670b       0xb8 ./Core/Src/main.o
 .debug_macro   0x00000000000167c3       0xb8 ./Core/Src/socket.o
 .debug_macro   0x000000000001687b       0x66 ./Core/Src/socket.o
 .debug_macro   0x00000000000168e1      0x1f0 ./Core/Src/stm32f1xx_hal_msp.o
 .debug_macro   0x0000000000016ad1      0x1fa ./Core/Src/stm32f1xx_it.o
 .debug_macro   0x0000000000016ccb       0xff ./Core/Src/sysmem.o
 .debug_macro   0x0000000000016dca      0x23b ./Core/Src/sysmem.o
 .debug_macro   0x0000000000017005      0x198 ./Core/Src/system_stm32f1xx.o
 .debug_macro   0x000000000001719d       0x9d ./Core/Src/w5500.o
 .debug_macro   0x000000000001723a      0x1d3 ./Core/Src/w5500_interface.o
 .debug_macro   0x000000000001740d       0x94 ./Core/Src/wizchip_conf.o
 .debug_macro   0x00000000000174a1      0x1bc ./Drivers/STM32F1xx_HAL_Driver/Src/stm32f1xx_hal.o
 .debug_macro   0x000000000001765d      0x198 ./Drivers/STM32F1xx_HAL_Driver/Src/stm32f1xx_hal_cortex.o
 .debug_macro   0x00000000000177f5      0x198 ./Drivers/STM32F1xx_HAL_Driver/Src/stm32f1xx_hal_dma.o
 .debug_macro   0x000000000001798d      0x203 ./Drivers/STM32F1xx_HAL_Driver/Src/stm32f1xx_hal_gpio.o
 .debug_macro   0x0000000000017b90      0x1e6 ./Drivers/STM32F1xx_HAL_Driver/Src/stm32f1xx_hal_i2c.o
 .debug_macro   0x0000000000017d76      0x1aa ./Drivers/STM32F1xx_HAL_Driver/Src/stm32f1xx_hal_rcc.o
 .debug_macro   0x0000000000017f20      0x1a0 ./Drivers/STM32F1xx_HAL_Driver/Src/stm32f1xx_hal_spi.o

.debug_line     0x0000000000000000     0xe019
 .debug_line    0x0000000000000000      0x94d ./Core/Src/MPU6050.o
 .debug_line    0x000000000000094d      0x81f ./Core/Src/main.o
 .debug_line    0x000000000000116c      0xd3b ./Core/Src/socket.o
 .debug_line    0x0000000000001ea7      0x73d ./Core/Src/stm32f1xx_hal_msp.o
 .debug_line    0x00000000000025e4      0x778 ./Core/Src/stm32f1xx_it.o
 .debug_line    0x0000000000002d5c      0x4e5 ./Core/Src/sysmem.o
 .debug_line    0x0000000000003241      0x6d1 ./Core/Src/system_stm32f1xx.o
 .debug_line    0x0000000000003912      0x6c7 ./Core/Src/w5500.o
 .debug_line    0x0000000000003fd9      0x733 ./Core/Src/w5500_interface.o
 .debug_line    0x000000000000470c      0xac8 ./Core/Src/wizchip_conf.o
 .debug_line    0x00000000000051d4       0x86 ./Core/Startup/startup_stm32f103c8tx.o
 .debug_line    0x000000000000525a      0x8fe ./Drivers/STM32F1xx_HAL_Driver/Src/stm32f1xx_hal.o
 .debug_line    0x0000000000005b58      0xae6 ./Drivers/STM32F1xx_HAL_Driver/Src/stm32f1xx_hal_cortex.o
 .debug_line    0x000000000000663e      0xd57 ./Drivers/STM32F1xx_HAL_Driver/Src/stm32f1xx_hal_dma.o
 .debug_line    0x0000000000007395      0x997 ./Drivers/STM32F1xx_HAL_Driver/Src/stm32f1xx_hal_gpio.o
 .debug_line    0x0000000000007d2c     0x3a64 ./Drivers/STM32F1xx_HAL_Driver/Src/stm32f1xx_hal_i2c.o
 .debug_line    0x000000000000b790      0xd0a ./Drivers/STM32F1xx_HAL_Driver/Src/stm32f1xx_hal_rcc.o
 .debug_line    0x000000000000c49a     0x1b7f ./Drivers/STM32F1xx_HAL_Driver/Src/stm32f1xx_hal_spi.o

.debug_str      0x0000000000000000    0x879e4
 .debug_str     0x0000000000000000    0x84189 ./Core/Src/MPU6050.o
                                      0x8456e (size before relaxing)
 .debug_str     0x0000000000084189      0x4cc ./Core/Src/main.o
                                      0x813ec (size before relaxing)
 .debug_str     0x0000000000084655      0x456 ./Core/Src/socket.o
                                       0x6f1b (size before relaxing)
 .debug_str     0x0000000000084aab      0x334 ./Core/Src/stm32f1xx_hal_msp.o
                                      0x8140a (size before relaxing)
 .debug_str     0x0000000000084ddf       0xec ./Core/Src/stm32f1xx_it.o
                                      0x80e4f (size before relaxing)
 .debug_str     0x0000000000084ecb      0x4da ./Core/Src/sysmem.o
                                       0x5d37 (size before relaxing)
 .debug_str     0x00000000000853a5       0x7e ./Core/Src/system_stm32f1xx.o
                                      0x7d89b (size before relaxing)
 .debug_str     0x0000000000085423      0x116 ./Core/Src/w5500.o
                                       0x68d6 (size before relaxing)
 .debug_str     0x0000000000085539      0x122 ./Core/Src/w5500_interface.o
                                      0x80c96 (size before relaxing)
 .debug_str     0x000000000008565b      0x5a6 ./Core/Src/wizchip_conf.o
                                       0x7192 (size before relaxing)
 .debug_str     0x0000000000085c01       0x36 ./Core/Startup/startup_stm32f103c8tx.o
                                         0x51 (size before relaxing)
 .debug_str     0x0000000000085c37      0x37a ./Drivers/STM32F1xx_HAL_Driver/Src/stm32f1xx_hal.o
                                      0x7dfce (size before relaxing)
 .debug_str     0x0000000000085fb1      0x294 ./Drivers/STM32F1xx_HAL_Driver/Src/stm32f1xx_hal_cortex.o
                                      0x7df1a (size before relaxing)
 .debug_str     0x0000000000086245      0x23a ./Drivers/STM32F1xx_HAL_Driver/Src/stm32f1xx_hal_dma.o
                                      0x7dc44 (size before relaxing)
 .debug_str     0x000000000008647f      0x305 ./Drivers/STM32F1xx_HAL_Driver/Src/stm32f1xx_hal_gpio.o
                                      0x7dc21 (size before relaxing)
 .debug_str     0x0000000000086784      0xb6a ./Drivers/STM32F1xx_HAL_Driver/Src/stm32f1xx_hal_i2c.o
                                      0x7e962 (size before relaxing)
 .debug_str     0x00000000000872ee      0x209 ./Drivers/STM32F1xx_HAL_Driver/Src/stm32f1xx_hal_rcc.o
                                      0x7dcca (size before relaxing)
 .debug_str     0x00000000000874f7      0x4ed ./Drivers/STM32F1xx_HAL_Driver/Src/stm32f1xx_hal_spi.o
                                      0x7e1c7 (size before relaxing)

.comment        0x0000000000000000       0x50
 .comment       0x0000000000000000       0x50 ./Core/Src/MPU6050.o
                                         0x51 (size before relaxing)
 .comment       0x0000000000000050       0x51 ./Core/Src/main.o
 .comment       0x0000000000000050       0x51 ./Core/Src/socket.o
 .comment       0x0000000000000050       0x51 ./Core/Src/stm32f1xx_hal_msp.o
 .comment       0x0000000000000050       0x51 ./Core/Src/stm32f1xx_it.o
 .comment       0x0000000000000050       0x51 ./Core/Src/sysmem.o
 .comment       0x0000000000000050       0x51 ./Core/Src/system_stm32f1xx.o
 .comment       0x0000000000000050       0x51 ./Core/Src/w5500.o
 .comment       0x0000000000000050       0x51 ./Core/Src/w5500_interface.o
 .comment       0x0000000000000050       0x51 ./Core/Src/wizchip_conf.o
 .comment       0x0000000000000050       0x51 ./Drivers/STM32F1xx_HAL_Driver/Src/stm32f1xx_hal.o
 .comment       0x0000000000000050       0x51 ./Drivers/STM32F1xx_HAL_Driver/Src/stm32f1xx_hal_cortex.o
 .comment       0x0000000000000050       0x51 ./Drivers/STM32F1xx_HAL_Driver/Src/stm32f1xx_hal_dma.o
 .comment       0x0000000000000050       0x51 ./Drivers/STM32F1xx_HAL_Driver/Src/stm32f1xx_hal_gpio.o
 .comment       0x0000000000000050       0x51 ./Drivers/STM32F1xx_HAL_Driver/Src/stm32f1xx_hal_i2c.o
 .comment       0x0000000000000050       0x51 ./Drivers/STM32F1xx_HAL_Driver/Src/stm32f1xx_hal_rcc.o
 .comment       0x0000000000000050       0x51 ./Drivers/STM32F1xx_HAL_Driver/Src/stm32f1xx_hal_spi.o

.debug_frame    0x0000000000000000     0x3684
 .debug_frame   0x0000000000000000      0x15c ./Core/Src/MPU6050.o
 .debug_frame   0x000000000000015c       0xc8 ./Core/Src/main.o
 .debug_frame   0x0000000000000224      0x1d4 ./Core/Src/socket.o
 .debug_frame   0x00000000000003f8       0xc8 ./Core/Src/stm32f1xx_hal_msp.o
 .debug_frame   0x00000000000004c0      0x120 ./Core/Src/stm32f1xx_it.o
 .debug_frame   0x00000000000005e0       0x34 ./Core/Src/sysmem.o
 .debug_frame   0x0000000000000614       0x58 ./Core/Src/system_stm32f1xx.o
 .debug_frame   0x000000000000066c      0x16c ./Core/Src/w5500.o
 .debug_frame   0x00000000000007d8       0xdc ./Core/Src/w5500_interface.o
 .debug_frame   0x00000000000008b4      0x534 ./Core/Src/wizchip_conf.o
 .debug_frame   0x0000000000000de8      0x334 ./Drivers/STM32F1xx_HAL_Driver/Src/stm32f1xx_hal.o
 .debug_frame   0x000000000000111c      0x428 ./Drivers/STM32F1xx_HAL_Driver/Src/stm32f1xx_hal_cortex.o
 .debug_frame   0x0000000000001544      0x208 ./Drivers/STM32F1xx_HAL_Driver/Src/stm32f1xx_hal_dma.o
 .debug_frame   0x000000000000174c      0x14c ./Drivers/STM32F1xx_HAL_Driver/Src/stm32f1xx_hal_gpio.o
 .debug_frame   0x0000000000001898      0xc84 ./Drivers/STM32F1xx_HAL_Driver/Src/stm32f1xx_hal_i2c.o
 .debug_frame   0x000000000000251c      0x218 ./Drivers/STM32F1xx_HAL_Driver/Src/stm32f1xx_hal_rcc.o
 .debug_frame   0x0000000000002734      0x824 ./Drivers/STM32F1xx_HAL_Driver/Src/stm32f1xx_hal_spi.o
 .debug_frame   0x0000000000002f58       0x20 e:/stm32cubeide_1.11.0/stm32cubeide/plugins/com.st.stm32cube.ide.mcu.externaltools.gnu-tools-for-stm32.10.3-2021.10.win32_1.0.100.202210260954/tools/bin/../lib/gcc/arm-none-eabi/10.3.1/../../../../arm-none-eabi/lib/thumb/v7-m/nofp\libc_nano.a(lib_a-errno.o)
 .debug_frame   0x0000000000002f78       0x2c e:/stm32cubeide_1.11.0/stm32cubeide/plugins/com.st.stm32cube.ide.mcu.externaltools.gnu-tools-for-stm32.10.3-2021.10.win32_1.0.100.202210260954/tools/bin/../lib/gcc/arm-none-eabi/10.3.1/../../../../arm-none-eabi/lib/thumb/v7-m/nofp\libc_nano.a(lib_a-init.o)
 .debug_frame   0x0000000000002fa4       0x20 e:/stm32cubeide_1.11.0/stm32cubeide/plugins/com.st.stm32cube.ide.mcu.externaltools.gnu-tools-for-stm32.10.3-2021.10.win32_1.0.100.202210260954/tools/bin/../lib/gcc/arm-none-eabi/10.3.1/../../../../arm-none-eabi/lib/thumb/v7-m/nofp\libc_nano.a(lib_a-memset.o)
 .debug_frame   0x0000000000002fc4       0x6c e:/stm32cubeide_1.11.0/stm32cubeide/plugins/com.st.stm32cube.ide.mcu.externaltools.gnu-tools-for-stm32.10.3-2021.10.win32_1.0.100.202210260954/tools/bin/../lib/gcc/arm-none-eabi/10.3.1/../../../../arm-none-eabi/lib/thumb/v7-m/nofp\libc_nano.a(lib_a-sprintf.o)
 .debug_frame   0x0000000000003030       0x90 e:/stm32cubeide_1.11.0/stm32cubeide/plugins/com.st.stm32cube.ide.mcu.externaltools.gnu-tools-for-stm32.10.3-2021.10.win32_1.0.100.202210260954/tools/bin/../lib/gcc/arm-none-eabi/10.3.1/../../../../arm-none-eabi/lib/thumb/v7-m/nofp\libc_nano.a(lib_a-nano-svfprintf.o)
 .debug_frame   0x00000000000030c0       0x60 e:/stm32cubeide_1.11.0/stm32cubeide/plugins/com.st.stm32cube.ide.mcu.externaltools.gnu-tools-for-stm32.10.3-2021.10.win32_1.0.100.202210260954/tools/bin/../lib/gcc/arm-none-eabi/10.3.1/../../../../arm-none-eabi/lib/thumb/v7-m/nofp\libc_nano.a(lib_a-nano-vfprintf_i.o)
 .debug_frame   0x0000000000003120       0x28 e:/stm32cubeide_1.11.0/stm32cubeide/plugins/com.st.stm32cube.ide.mcu.externaltools.gnu-tools-for-stm32.10.3-2021.10.win32_1.0.100.202210260954/tools/bin/../lib/gcc/arm-none-eabi/10.3.1/../../../../arm-none-eabi/lib/thumb/v7-m/nofp\libc_nano.a(lib_a-memchr-stub.o)
 .debug_frame   0x0000000000003148       0x28 e:/stm32cubeide_1.11.0/stm32cubeide/plugins/com.st.stm32cube.ide.mcu.externaltools.gnu-tools-for-stm32.10.3-2021.10.win32_1.0.100.202210260954/tools/bin/../lib/gcc/arm-none-eabi/10.3.1/../../../../arm-none-eabi/lib/thumb/v7-m/nofp\libc_nano.a(lib_a-memcpy-stub.o)
 .debug_frame   0x0000000000003170       0x28 e:/stm32cubeide_1.11.0/stm32cubeide/plugins/com.st.stm32cube.ide.mcu.externaltools.gnu-tools-for-stm32.10.3-2021.10.win32_1.0.100.202210260954/tools/bin/../lib/gcc/arm-none-eabi/10.3.1/../../../../arm-none-eabi/lib/thumb/v7-m/nofp\libc_nano.a(lib_a-memmove.o)
 .debug_frame   0x0000000000003198       0x38 e:/stm32cubeide_1.11.0/stm32cubeide/plugins/com.st.stm32cube.ide.mcu.externaltools.gnu-tools-for-stm32.10.3-2021.10.win32_1.0.100.202210260954/tools/bin/../lib/gcc/arm-none-eabi/10.3.1/../../../../arm-none-eabi/lib/thumb/v7-m/nofp\libc_nano.a(lib_a-nano-freer.o)
 .debug_frame   0x00000000000031d0       0x4c e:/stm32cubeide_1.11.0/stm32cubeide/plugins/com.st.stm32cube.ide.mcu.externaltools.gnu-tools-for-stm32.10.3-2021.10.win32_1.0.100.202210260954/tools/bin/../lib/gcc/arm-none-eabi/10.3.1/../../../../arm-none-eabi/lib/thumb/v7-m/nofp\libc_nano.a(lib_a-nano-mallocr.o)
 .debug_frame   0x000000000000321c       0x3c e:/stm32cubeide_1.11.0/stm32cubeide/plugins/com.st.stm32cube.ide.mcu.externaltools.gnu-tools-for-stm32.10.3-2021.10.win32_1.0.100.202210260954/tools/bin/../lib/gcc/arm-none-eabi/10.3.1/../../../../arm-none-eabi/lib/thumb/v7-m/nofp\libc_nano.a(lib_a-nano-reallocr.o)
 .debug_frame   0x0000000000003258       0x2c e:/stm32cubeide_1.11.0/stm32cubeide/plugins/com.st.stm32cube.ide.mcu.externaltools.gnu-tools-for-stm32.10.3-2021.10.win32_1.0.100.202210260954/tools/bin/../lib/gcc/arm-none-eabi/10.3.1/../../../../arm-none-eabi/lib/thumb/v7-m/nofp\libc_nano.a(lib_a-sbrkr.o)
 .debug_frame   0x0000000000003284       0x30 e:/stm32cubeide_1.11.0/stm32cubeide/plugins/com.st.stm32cube.ide.mcu.externaltools.gnu-tools-for-stm32.10.3-2021.10.win32_1.0.100.202210260954/tools/bin/../lib/gcc/arm-none-eabi/10.3.1/../../../../arm-none-eabi/lib/thumb/v7-m/nofp\libc_nano.a(lib_a-mlock.o)
 .debug_frame   0x00000000000032b4       0x20 e:/stm32cubeide_1.11.0/stm32cubeide/plugins/com.st.stm32cube.ide.mcu.externaltools.gnu-tools-for-stm32.10.3-2021.10.win32_1.0.100.202210260954/tools/bin/../lib/gcc/arm-none-eabi/10.3.1/../../../../arm-none-eabi/lib/thumb/v7-m/nofp\libc_nano.a(lib_a-nano-msizer.o)
 .debug_frame   0x00000000000032d4       0x5c e:/stm32cubeide_1.11.0/stm32cubeide/plugins/com.st.stm32cube.ide.mcu.externaltools.gnu-tools-for-stm32.10.3-2021.10.win32_1.0.100.202210260954/tools/bin/../lib/gcc/arm-none-eabi/10.3.1/../../../../arm-none-eabi/lib/thumb/v7-m/nofp\libc_nano.a(lib_a-reent.o)
 .debug_frame   0x0000000000003330       0xb0 e:/stm32cubeide_1.11.0/stm32cubeide/plugins/com.st.stm32cube.ide.mcu.externaltools.gnu-tools-for-stm32.10.3-2021.10.win32_1.0.100.202210260954/tools/bin/../lib/gcc/arm-none-eabi/10.3.1/../../../../arm-none-eabi/lib/thumb/v7-m/nofp\libc_nano.a(lib_a-lock.o)
 .debug_frame   0x00000000000033e0       0x20 e:/stm32cubeide_1.11.0/stm32cubeide/plugins/com.st.stm32cube.ide.mcu.externaltools.gnu-tools-for-stm32.10.3-2021.10.win32_1.0.100.202210260954/tools/bin/../lib/gcc/arm-none-eabi/10.3.1/../../../../arm-none-eabi/lib/thumb/v7-m/nofp\libm.a(lib_a-w_atan2.o)
 .debug_frame   0x0000000000003400       0x48 e:/stm32cubeide_1.11.0/stm32cubeide/plugins/com.st.stm32cube.ide.mcu.externaltools.gnu-tools-for-stm32.10.3-2021.10.win32_1.0.100.202210260954/tools/bin/../lib/gcc/arm-none-eabi/10.3.1/../../../../arm-none-eabi/lib/thumb/v7-m/nofp\libm.a(lib_a-e_atan2.o)
 .debug_frame   0x0000000000003448       0x38 e:/stm32cubeide_1.11.0/stm32cubeide/plugins/com.st.stm32cube.ide.mcu.externaltools.gnu-tools-for-stm32.10.3-2021.10.win32_1.0.100.202210260954/tools/bin/../lib/gcc/arm-none-eabi/10.3.1/../../../../arm-none-eabi/lib/thumb/v7-m/nofp\libm.a(lib_a-s_atan.o)
 .debug_frame   0x0000000000003480       0x20 e:/stm32cubeide_1.11.0/stm32cubeide/plugins/com.st.stm32cube.ide.mcu.externaltools.gnu-tools-for-stm32.10.3-2021.10.win32_1.0.100.202210260954/tools/bin/../lib/gcc/arm-none-eabi/10.3.1/../../../../arm-none-eabi/lib/thumb/v7-m/nofp\libm.a(lib_a-s_fabs.o)
 .debug_frame   0x00000000000034a0       0xac e:/stm32cubeide_1.11.0/stm32cubeide/plugins/com.st.stm32cube.ide.mcu.externaltools.gnu-tools-for-stm32.10.3-2021.10.win32_1.0.100.202210260954/tools/bin/../lib/gcc/arm-none-eabi/10.3.1/thumb/v7-m/nofp\libgcc.a(_arm_addsubdf3.o)
 .debug_frame   0x000000000000354c       0x50 e:/stm32cubeide_1.11.0/stm32cubeide/plugins/com.st.stm32cube.ide.mcu.externaltools.gnu-tools-for-stm32.10.3-2021.10.win32_1.0.100.202210260954/tools/bin/../lib/gcc/arm-none-eabi/10.3.1/thumb/v7-m/nofp\libgcc.a(_arm_muldivdf3.o)
 .debug_frame   0x000000000000359c       0xc4 e:/stm32cubeide_1.11.0/stm32cubeide/plugins/com.st.stm32cube.ide.mcu.externaltools.gnu-tools-for-stm32.10.3-2021.10.win32_1.0.100.202210260954/tools/bin/../lib/gcc/arm-none-eabi/10.3.1/thumb/v7-m/nofp\libgcc.a(_arm_cmpdf2.o)
 .debug_frame   0x0000000000003660       0x24 e:/stm32cubeide_1.11.0/stm32cubeide/plugins/com.st.stm32cube.ide.mcu.externaltools.gnu-tools-for-stm32.10.3-2021.10.win32_1.0.100.202210260954/tools/bin/../lib/gcc/arm-none-eabi/10.3.1/thumb/v7-m/nofp\libgcc.a(_arm_fixunsdfsi.o)